Archive member included to satisfy reference by file (symbol)

C:/ST/STM32CubeIDE_1.14.1/STM32CubeIDE/plugins/com.st.stm32cube.ide.mcu.externaltools.gnu-tools-for-stm32.12.3.rel1.win32_1.0.100.202403111256/tools/bin/../lib/gcc/arm-none-eabi/12.3.1/../../../../arm-none-eabi/lib/thumb/v7e-m+fp/hard\libc_nano.a(libc_a-exit.o)
                              C:/ST/STM32CubeIDE_1.14.1/STM32CubeIDE/plugins/com.st.stm32cube.ide.mcu.externaltools.gnu-tools-for-stm32.12.3.rel1.win32_1.0.100.202403111256/tools/bin/../lib/gcc/arm-none-eabi/12.3.1/../../../../arm-none-eabi/lib/thumb/v7e-m+fp/hard/crt0.o (exit)
C:/ST/STM32CubeIDE_1.14.1/STM32CubeIDE/plugins/com.st.stm32cube.ide.mcu.externaltools.gnu-tools-for-stm32.12.3.rel1.win32_1.0.100.202403111256/tools/bin/../lib/gcc/arm-none-eabi/12.3.1/../../../../arm-none-eabi/lib/thumb/v7e-m+fp/hard\libc_nano.a(libc_a-findfp.o)
                              C:/ST/STM32CubeIDE_1.14.1/STM32CubeIDE/plugins/com.st.stm32cube.ide.mcu.externaltools.gnu-tools-for-stm32.12.3.rel1.win32_1.0.100.202403111256/tools/bin/../lib/gcc/arm-none-eabi/12.3.1/../../../../arm-none-eabi/lib/thumb/v7e-m+fp/hard\libc_nano.a(libc_a-exit.o) (__stdio_exit_handler)
C:/ST/STM32CubeIDE_1.14.1/STM32CubeIDE/plugins/com.st.stm32cube.ide.mcu.externaltools.gnu-tools-for-stm32.12.3.rel1.win32_1.0.100.202403111256/tools/bin/../lib/gcc/arm-none-eabi/12.3.1/../../../../arm-none-eabi/lib/thumb/v7e-m+fp/hard\libc_nano.a(libc_a-fwalk.o)
                              C:/ST/STM32CubeIDE_1.14.1/STM32CubeIDE/plugins/com.st.stm32cube.ide.mcu.externaltools.gnu-tools-for-stm32.12.3.rel1.win32_1.0.100.202403111256/tools/bin/../lib/gcc/arm-none-eabi/12.3.1/../../../../arm-none-eabi/lib/thumb/v7e-m+fp/hard\libc_nano.a(libc_a-findfp.o) (_fwalk_sglue)
C:/ST/STM32CubeIDE_1.14.1/STM32CubeIDE/plugins/com.st.stm32cube.ide.mcu.externaltools.gnu-tools-for-stm32.12.3.rel1.win32_1.0.100.202403111256/tools/bin/../lib/gcc/arm-none-eabi/12.3.1/../../../../arm-none-eabi/lib/thumb/v7e-m+fp/hard\libc_nano.a(libc_a-stdio.o)
                              C:/ST/STM32CubeIDE_1.14.1/STM32CubeIDE/plugins/com.st.stm32cube.ide.mcu.externaltools.gnu-tools-for-stm32.12.3.rel1.win32_1.0.100.202403111256/tools/bin/../lib/gcc/arm-none-eabi/12.3.1/../../../../arm-none-eabi/lib/thumb/v7e-m+fp/hard\libc_nano.a(libc_a-findfp.o) (__sread)
C:/ST/STM32CubeIDE_1.14.1/STM32CubeIDE/plugins/com.st.stm32cube.ide.mcu.externaltools.gnu-tools-for-stm32.12.3.rel1.win32_1.0.100.202403111256/tools/bin/../lib/gcc/arm-none-eabi/12.3.1/../../../../arm-none-eabi/lib/thumb/v7e-m+fp/hard\libc_nano.a(libc_a-memset.o)
                              C:/ST/STM32CubeIDE_1.14.1/STM32CubeIDE/plugins/com.st.stm32cube.ide.mcu.externaltools.gnu-tools-for-stm32.12.3.rel1.win32_1.0.100.202403111256/tools/bin/../lib/gcc/arm-none-eabi/12.3.1/../../../../arm-none-eabi/lib/thumb/v7e-m+fp/hard/crt0.o (memset)
C:/ST/STM32CubeIDE_1.14.1/STM32CubeIDE/plugins/com.st.stm32cube.ide.mcu.externaltools.gnu-tools-for-stm32.12.3.rel1.win32_1.0.100.202403111256/tools/bin/../lib/gcc/arm-none-eabi/12.3.1/../../../../arm-none-eabi/lib/thumb/v7e-m+fp/hard\libc_nano.a(libc_a-closer.o)
                              C:/ST/STM32CubeIDE_1.14.1/STM32CubeIDE/plugins/com.st.stm32cube.ide.mcu.externaltools.gnu-tools-for-stm32.12.3.rel1.win32_1.0.100.202403111256/tools/bin/../lib/gcc/arm-none-eabi/12.3.1/../../../../arm-none-eabi/lib/thumb/v7e-m+fp/hard\libc_nano.a(libc_a-stdio.o) (_close_r)
C:/ST/STM32CubeIDE_1.14.1/STM32CubeIDE/plugins/com.st.stm32cube.ide.mcu.externaltools.gnu-tools-for-stm32.12.3.rel1.win32_1.0.100.202403111256/tools/bin/../lib/gcc/arm-none-eabi/12.3.1/../../../../arm-none-eabi/lib/thumb/v7e-m+fp/hard\libc_nano.a(libc_a-reent.o)
                              C:/ST/STM32CubeIDE_1.14.1/STM32CubeIDE/plugins/com.st.stm32cube.ide.mcu.externaltools.gnu-tools-for-stm32.12.3.rel1.win32_1.0.100.202403111256/tools/bin/../lib/gcc/arm-none-eabi/12.3.1/../../../../arm-none-eabi/lib/thumb/v7e-m+fp/hard\libc_nano.a(libc_a-closer.o) (errno)
C:/ST/STM32CubeIDE_1.14.1/STM32CubeIDE/plugins/com.st.stm32cube.ide.mcu.externaltools.gnu-tools-for-stm32.12.3.rel1.win32_1.0.100.202403111256/tools/bin/../lib/gcc/arm-none-eabi/12.3.1/../../../../arm-none-eabi/lib/thumb/v7e-m+fp/hard\libc_nano.a(libc_a-impure.o)
                              C:/ST/STM32CubeIDE_1.14.1/STM32CubeIDE/plugins/com.st.stm32cube.ide.mcu.externaltools.gnu-tools-for-stm32.12.3.rel1.win32_1.0.100.202403111256/tools/bin/../lib/gcc/arm-none-eabi/12.3.1/../../../../arm-none-eabi/lib/thumb/v7e-m+fp/hard\libc_nano.a(libc_a-reent.o) (_impure_ptr)
C:/ST/STM32CubeIDE_1.14.1/STM32CubeIDE/plugins/com.st.stm32cube.ide.mcu.externaltools.gnu-tools-for-stm32.12.3.rel1.win32_1.0.100.202403111256/tools/bin/../lib/gcc/arm-none-eabi/12.3.1/../../../../arm-none-eabi/lib/thumb/v7e-m+fp/hard\libc_nano.a(libc_a-lseekr.o)
[...]
Memory Configuration

Name             Origin             Length             Attributes
RAM              0x20000000         0x00020000         xrw
FLASH            0x08000000         0x00080000         xr
*default*        0x00000000         0xffffffff

Linker script and memory map

LOAD C:/ST/STM32CubeIDE_1.14.1/STM32CubeIDE/plugins/com.st.stm32cube.ide.mcu.externaltools.gnu-tools-for-stm32.12.3.rel1.win32_1.0.100.202403111256/tools/bin/../lib/gcc/arm-none-eabi/12.3.1/thumb/v7e-m+fp/hard/crti.o
LOAD C:/ST/STM32CubeIDE_1.14.1/STM32CubeIDE/plugins/com.st.stm32cube.ide.mcu.externaltools.gnu-tools-for-stm32.12.3.rel1.win32_1.0.100.202403111256/tools/bin/../lib/gcc/arm-none-eabi/12.3.1/thumb/v7e-m+fp/hard/crtbegin.o
LOAD C:/ST/STM32CubeIDE_1.14.1/STM32CubeIDE/plugins/com.st.stm32cube.ide.mcu.externaltools.gnu-tools-for-stm32.12.3.rel1.win32_1.0.100.202403111256/tools/bin/../lib/gcc/arm-none-eabi/12.3.1/../../../../arm-none-eabi/lib/thumb/v7e-m+fp/hard/crt0.o
LOAD ./Core/Src/AD7124.o
LOAD ./Core/Src/adc.o
LOAD ./Core/Src/can.o
LOAD ./Core/Src/dma.o
LOAD ./Core/Src/fmpi2c.o
LOAD ./Core/Src/gpio.o
LOAD ./Core/Src/i2c.o
LOAD ./Core/Src/main.o
LOAD ./Core/Src/quadspi.o
LOAD ./Core/Src/sai.o
LOAD ./Core/Src/spi.o
LOAD ./Core/Src/stm32f4xx_hal_msp.o
LOAD ./Core/Src/stm32f4xx_it.o
LOAD ./Core/Src/syscalls.o
LOAD ./Core/Src/sysmem.o
LOAD ./Core/Src/system_stm32f4xx.o
LOAD ./Core/Src/tim.o
LOAD ./Core/Src/Drivers/pressure_transducer.o
LOAD ./Core/Src/Drivers/servo.o
LOAD ./Core/Src/Drivers/solinoid.o
LOAD ./Core/Src/Drivers/thermocouple.o
LOAD ./Core/Startup/startup_stm32f446vetx.o
LOAD ./Drivers/STM32F4xx_HAL_Driver/Src/stm32f4xx_hal.o
LOAD ./Drivers/STM32F4xx_HAL_Driver/Src/stm32f4xx_hal_adc.o
LOAD ./Drivers/STM32F4xx_HAL_Driver/Src/stm32f4xx_hal_adc_ex.o
LOAD ./Drivers/STM32F4xx_HAL_Driver/Src/stm32f4xx_hal_can.o
LOAD ./Drivers/STM32F4xx_HAL_Driver/Src/stm32f4xx_hal_cortex.o
LOAD ./Drivers/STM32F4xx_HAL_Driver/Src/stm32f4xx_hal_dma.o
LOAD ./Drivers/STM32F4xx_HAL_Driver/Src/stm32f4xx_hal_dma_ex.o
LOAD ./Drivers/STM32F4xx_HAL_Driver/Src/stm32f4xx_hal_exti.o
LOAD ./Drivers/STM32F4xx_HAL_Driver/Src/stm32f4xx_hal_flash.o
LOAD ./Drivers/STM32F4xx_HAL_Driver/Src/stm32f4xx_hal_flash_ex.o
LOAD ./Drivers/STM32F4xx_HAL_Driver/Src/stm32f4xx_hal_flash_ramfunc.o
LOAD ./Drivers/STM32F4xx_HAL_Driver/Src/stm32f4xx_hal_fmpi2c.o
LOAD ./Drivers/STM32F4xx_HAL_Driver/Src/stm32f4xx_hal_fmpi2c_ex.o
LOAD ./Drivers/STM32F4xx_HAL_Driver/Src/stm32f4xx_hal_gpio.o
LOAD ./Drivers/STM32F4xx_HAL_Driver/Src/stm32f4xx_hal_i2c.o
LOAD ./Drivers/STM32F4xx_HAL_Driver/Src/stm32f4xx_hal_i2c_ex.o
LOAD ./Drivers/STM32F4xx_HAL_Driver/Src/stm32f4xx_hal_pwr.o
LOAD ./Drivers/STM32F4xx_HAL_Driver/Src/stm32f4xx_hal_pwr_ex.o
LOAD ./Drivers/STM32F4xx_HAL_Driver/Src/stm32f4xx_hal_qspi.o
LOAD ./Drivers/STM32F4xx_HAL_Driver/Src/stm32f4xx_hal_rcc.o
LOAD ./Drivers/STM32F4xx_HAL_Driver/Src/stm32f4xx_hal_rcc_ex.o
LOAD ./Drivers/STM32F4xx_HAL_Driver/Src/stm32f4xx_hal_sai.o
LOAD ./Drivers/STM32F4xx_HAL_Driver/Src/stm32f4xx_hal_sai_ex.o
LOAD ./Drivers/STM32F4xx_HAL_Driver/Src/stm32f4xx_hal_spi.o
LOAD ./Drivers/STM32F4xx_HAL_Driver/Src/stm32f4xx_hal_tim.o
LOAD ./Drivers/STM32F4xx_HAL_Driver/Src/stm32f4xx_hal_tim_ex.o
LOAD ./Drivers/STM32F4xx_HAL_Driver/Src/stm32f4xx_ll_adc.o
START GROUP
LOAD C:/ST/STM32CubeIDE_1.14.1/STM32CubeIDE/plugins/com.st.stm32cube.ide.mcu.externaltools.gnu-tools-for-stm32.12.3.rel1.win32_1.0.100.202403111256/tools/bin/../lib/gcc/arm-none-eabi/12.3.1/../../../../arm-none-eabi/lib/thumb/v7e-m+fp/hard\libc_nano.a
LOAD C:/ST/STM32CubeIDE_1.14.1/STM32CubeIDE/plugins/com.st.stm32cube.ide.mcu.externaltools.gnu-tools-for-stm32.12.3.rel1.win32_1.0.100.202403111256/tools/bin/../lib/gcc/arm-none-eabi/12.3.1/../../../../arm-none-eabi/lib/thumb/v7e-m+fp/hard\libm.a
END GROUP
START GROUP
LOAD C:/ST/STM32CubeIDE_1.14.1/STM32CubeIDE/plugins/com.st.stm32cube.ide.mcu.externaltools.gnu-tools-for-stm32.12.3.rel1.win32_1.0.100.202403111256/tools/bin/../lib/gcc/arm-none-eabi/12.3.1/thumb/v7e-m+fp/hard\libgcc.a
LOAD C:/ST/STM32CubeIDE_1.14.1/STM32CubeIDE/plugins/com.st.stm32cube.ide.mcu.externaltools.gnu-tools-for-stm32.12.3.rel1.win32_1.0.100.202403111256/tools/bin/../lib/gcc/arm-none-eabi/12.3.1/../../../../arm-none-eabi/lib/thumb/v7e-m+fp/hard\libc_nano.a
END GROUP
START GROUP
LOAD C:/ST/STM32CubeIDE_1.14.1/STM32CubeIDE/plugins/com.st.stm32cube.ide.mcu.externaltools.gnu-tools-for-stm32.12.3.rel1.win32_1.0.100.202403111256/tools/bin/../lib/gcc/arm-none-eabi/12.3.1/thumb/v7e-m+fp/hard\libgcc.a
LOAD C:/ST/STM32CubeIDE_1.14.1/STM32CubeIDE/plugins/com.st.stm32cube.ide.mcu.externaltools.gnu-tools-for-stm32.12.3.rel1.win32_1.0.100.202403111256/tools/bin/../lib/gcc/arm-none-eabi/12.3.1/../../../../arm-none-eabi/lib/thumb/v7e-m+fp/hard\libc_nano.a
LOAD C:/ST/STM32CubeIDE_1.14.1/STM32CubeIDE/plugins/com.st.stm32cube.ide.mcu.externaltools.gnu-tools-for-stm32.12.3.rel1.win32_1.0.100.202403111256/tools/bin/../lib/gcc/arm-none-eabi/12.3.1/../../../../arm-none-eabi/lib/thumb/v7e-m+fp/hard\libnosys.a
END GROUP
START GROUP
LOAD C:/ST/STM32CubeIDE_1.14.1/STM32CubeIDE/plugins/com.st.stm32cube.ide.mcu.externaltools.gnu-tools-for-stm32.12.3.rel1.win32_1.0.100.202403111256/tools/bin/../lib/gcc/arm-none-eabi/12.3.1/thumb/v7e-m+fp/hard\libgcc.a
LOAD C:/ST/STM32CubeIDE_1.14.1/STM32CubeIDE/plugins/com.st.stm32cube.ide.mcu.externaltools.gnu-tools-for-stm32.12.3.rel1.win32_1.0.100.202403111256/tools/bin/../lib/gcc/arm-none-eabi/12.3.1/../../../../arm-none-eabi/lib/thumb/v7e-m+fp/hard\libc_nano.a
LOAD C:/ST/STM32CubeIDE_1.14.1/STM32CubeIDE/plugins/com.st.stm32cube.ide.mcu.externaltools.gnu-tools-for-stm32.12.3.rel1.win32_1.0.100.202403111256/tools/bin/../lib/gcc/arm-none-eabi/12.3.1/../../../../arm-none-eabi/lib/thumb/v7e-m+fp/hard\libnosys.a
END GROUP
LOAD C:/ST/STM32CubeIDE_1.14.1/STM32CubeIDE/plugins/com.st.stm32cube.ide.mcu.externaltools.gnu-tools-for-stm32.12.3.rel1.win32_1.0.100.202403111256/tools/bin/../lib/gcc/arm-none-eabi/12.3.1/thumb/v7e-m+fp/hard/crtend.o
LOAD C:/ST/STM32CubeIDE_1.14.1/STM32CubeIDE/plugins/com.st.stm32cube.ide.mcu.externaltools.gnu-tools-for-stm32.12.3.rel1.win32_1.0.100.202403111256/tools/bin/../lib/gcc/arm-none-eabi/12.3.1/thumb/v7e-m+fp/hard/crtn.o
                0x20020000                        _estack = (ORIGIN (RAM) + LENGTH (RAM))
                0x00000200                        _Min_Heap_Size = 0x200
                0x00000400                        _Min_Stack_Size = 0x400

.isr_vector     0x08000000      0x1c4
                0x08000000                        . = ALIGN (0x4)
 *(.isr_vector)
 .isr_vector    0x08000000      0x1c4 ./Core/Startup/startup_stm32f446vetx.o
                0x08000000                g_pfnVectors
                0x080001c4                        . = ALIGN (0x4)

.text           0x080001c4     0x7d3c
                0x080001c4                        . = ALIGN (0x4)
 *(.text)
 .text          0x080001c4       0x40 C:/ST/STM32CubeIDE_1.14.1/STM32CubeIDE/plugins/com.st.stm32cube.ide.mcu.externaltools.gnu-tools-for-stm32.12.3.rel1.win32_1.0.100.202403111256/tools/bin/../lib/gcc/arm-none-eabi/12.3.1/thumb/v7e-m+fp/hard/crtbegin.o
 .text          0x08000204       0x30 C:/ST/STM32CubeIDE_1.14.1/STM32CubeIDE/plugins/com.st.stm32cube.ide.mcu.externaltools.gnu-tools-for-stm32.12.3.rel1.win32_1.0.100.202403111256/tools/bin/../lib/gcc/arm-none-eabi/12.3.1/thumb/v7e-m+fp/hard\libgcc.a(_aeabi_uldivmod.o)
                0x08000204                __aeabi_uldivmod
 .text          0x08000234      0x2bc C:/ST/STM32CubeIDE_1.14.1/STM32CubeIDE/plugins/com.st.stm32cube.ide.mcu.externaltools.gnu-tools-for-stm32.12.3.rel1.win32_1.0.100.202403111256/tools/bin/../lib/gcc/arm-none-eabi/12.3.1/thumb/v7e-m+fp/hard\libgcc.a(_udivmoddi4.o)
                0x08000234                __udivmoddi4
 .text          0x080004f0        0x4 C:/ST/STM32CubeIDE_1.14.1/STM32CubeIDE/plugins/com.st.stm32cube.ide.mcu.externaltools.gnu-tools-for-stm32.12.3.rel1.win32_1.0.100.202403111256/tools/bin/../lib/gcc/arm-none-eabi/12.3.1/thumb/v7e-m+fp/hard\libgcc.a(_dvmd_tls.o)
                0x080004f0                __aeabi_idiv0
                0x080004f0                __aeabi_ldiv0
 *(.text*)
 .text.ad7124_noCheckReadRegister
                0x080004f4      0x1b0 ./Core/Src/AD7124.o
                0x080004f4                ad7124_noCheckReadRegister
 .text.ad7124_noCheckWriteRegister
                0x080006a4      0x124 ./Core/Src/AD7124.o
                0x080006a4                ad7124_noCheckWriteRegister
 .text.ad7124_readRegister
                0x080007c8       0x4e ./Core/Src/AD7124.o
                0x080007c8                ad7124_readRegister
 .text.ad7124_writeRegister
                0x08000816       0x5c ./Core/Src/AD7124.o
                0x08000816                ad7124_writeRegister
 *fill*         0x08000872        0x2 
 .text.ad7124_reset
                0x08000874       0x98 ./Core/Src/AD7124.o
                0x08000874                ad7124_reset
 .text.ad7124_waitForSpiReady
                0x0800090c       0x70 ./Core/Src/AD7124.o
                0x0800090c                ad7124_waitForSpiReady
 .text.ad7124_waitToPowerOn
                0x0800097c       0x74 ./Core/Src/AD7124.o
                0x0800097c                ad7124_waitToPowerOn
 .text.ad7124_readData
                0x080009f0       0x36 ./Core/Src/AD7124.o
                0x080009f0                ad7124_readData
 .text.ad7124_computeCrc8
                0x08000a26       0x8a ./Core/Src/AD7124.o
                0x08000a26                ad7124_computeCrc8
 .text.ad7124_setAdcControl
                0x08000ab0       0x6a ./Core/Src/AD7124.o
                0x08000ab0                ad7124_setAdcControl
 .text.ad7124_setConfig
                0x08000b1a       0x84 ./Core/Src/AD7124.o
                0x08000b1a                ad7124_setConfig
 .text.ad7124_setChannel
                0x08000b9e       0x84 ./Core/Src/AD7124.o
                0x08000b9e                ad7124_setChannel
 .text.ad7124_getRegister
                0x08000c22       0x4a ./Core/Src/AD7124.o
                0x08000c22                ad7124_getRegister
 .text.ad7124_currentChannel
                0x08000c6c       0x30 ./Core/Src/AD7124.o
                0x08000c6c                ad7124_currentChannel
 .text.ad7124_enableChannel
                0x08000c9c       0x78 ./Core/Src/AD7124.o
                0x08000c9c                ad7124_enableChannel
 .text.ad7124_getData
                0x08000d14       0x30 ./Core/Src/AD7124.o
                0x08000d14                ad7124_getData
 .text.ad7124_startSingleConversion
                0x08000d44       0x46 ./Core/Src/AD7124.o
                0x08000d44                ad7124_startSingleConversion
 .text.ad7124_adcRead
                0x08000d8a       0x88 ./Core/Src/AD7124.o
                0x08000d8a                ad7124_adcRead
 .text.ad7124_waitEndOfConversion
                0x08000e12       0x70 ./Core/Src/AD7124.o
                0x08000e12                ad7124_waitEndOfConversion
 *fill*         0x08000e82        0x2 
 .text.ad7124_toVoltage
                0x08000e84       0x90 ./Core/Src/AD7124.o
                0x08000e84                ad7124_toVoltage
 .text.ad7124_setMode
                0x08000f14       0x4e ./Core/Src/AD7124.o
                0x08000f14                ad7124_setMode
 *fill*         0x08000f62        0x2 
 .text.ad7124_init
                0x08000f64      0x2b4 ./Core/Src/AD7124.o
                0x08000f64                ad7124_init
 .text.MX_ADC1_Init
                0x08001218      0x120 ./Core/Src/adc.o
                0x08001218                MX_ADC1_Init
 .text.MX_ADC2_Init
                0x08001338       0xe0 ./Core/Src/adc.o
                0x08001338                MX_ADC2_Init
 .text.MX_ADC3_Init
                0x08001418      0x11c ./Core/Src/adc.o
                0x08001418                MX_ADC3_Init
 .text.HAL_ADC_MspInit
                0x08001534      0x368 ./Core/Src/adc.o
                0x08001534                HAL_ADC_MspInit
 .text.MX_CAN1_Init
                0x0800189c       0x70 ./Core/Src/can.o
                0x0800189c                MX_CAN1_Init
 .text.HAL_CAN_MspInit
                0x0800190c       0xc0 ./Core/Src/can.o
                0x0800190c                HAL_CAN_MspInit
 .text.MX_DMA_Init
                0x080019cc       0xcc ./Core/Src/dma.o
                0x080019cc                MX_DMA_Init
 .text.MX_FMPI2C1_Init
                0x08001a98       0x6c ./Core/Src/fmpi2c.o
                0x08001a98                MX_FMPI2C1_Init
 .text.HAL_FMPI2C_MspInit
                0x08001b04       0xbc ./Core/Src/fmpi2c.o
                0x08001b04                HAL_FMPI2C_MspInit
 .text.MX_GPIO_Init
                0x08001bc0      0x1a8 ./Core/Src/gpio.o
                0x08001bc0                MX_GPIO_Init
 .text.MX_I2C3_Init
                0x08001d68       0x5c ./Core/Src/i2c.o
                0x08001d68                MX_I2C3_Init
 .text.HAL_I2C_MspInit
                0x08001dc4       0xd4 ./Core/Src/i2c.o
                0x08001dc4                HAL_I2C_MspInit
 .text.main     0x08001e98      0x368 ./Core/Src/main.o
                0x08001e98                main
 .text.SystemClock_Config
                0x08002200       0xd8 ./Core/Src/main.o
                0x08002200                SystemClock_Config
 .text.Error_Handler
                0x080022d8        0xc ./Core/Src/main.o
                0x080022d8                Error_Handler
 .text.MX_QUADSPI_Init
                0x080022e4       0x58 ./Core/Src/quadspi.o
                0x080022e4                MX_QUADSPI_Init
 .text.HAL_QSPI_MspInit
                0x0800233c      0x114 ./Core/Src/quadspi.o
                0x0800233c                HAL_QSPI_MspInit
 .text.MX_SAI2_Init
                0x08002450       0x58 ./Core/Src/sai.o
                0x08002450                MX_SAI2_Init
 .text.HAL_SAI_MspInit
                0x080024a8       0xb8 ./Core/Src/sai.o
                0x080024a8                HAL_SAI_MspInit
 .text.MX_SPI1_Init
                0x08002560       0x6c ./Core/Src/spi.o
                0x08002560                MX_SPI1_Init
 .text.MX_SPI2_Init
                0x080025cc       0x6c ./Core/Src/spi.o
                0x080025cc                MX_SPI2_Init
 .text.MX_SPI4_Init
                0x08002638       0x6c ./Core/Src/spi.o
                0x08002638                MX_SPI4_Init
 .text.HAL_SPI_MspInit
                0x080026a4      0x31c ./Core/Src/spi.o
                0x080026a4                HAL_SPI_MspInit
 .text.HAL_MspInit
                0x080029c0       0x50 ./Core/Src/stm32f4xx_hal_msp.o
                0x080029c0                HAL_MspInit
 .text.NMI_Handler
                0x08002a10        0x8 ./Core/Src/stm32f4xx_it.o
                0x08002a10                NMI_Handler
 .text.HardFault_Handler
                0x08002a18        0x8 ./Core/Src/stm32f4xx_it.o
                0x08002a18                HardFault_Handler
 .text.MemManage_Handler
                0x08002a20        0x8 ./Core/Src/stm32f4xx_it.o
                0x08002a20                MemManage_Handler
 .text.BusFault_Handler
                0x08002a28        0x8 ./Core/Src/stm32f4xx_it.o
                0x08002a28                BusFault_Handler
 .text.UsageFault_Handler
                0x08002a30        0x8 ./Core/Src/stm32f4xx_it.o
                0x08002a30                UsageFault_Handler
 .text.SVC_Handler
                0x08002a38        0xe ./Core/Src/stm32f4xx_it.o
                0x08002a38                SVC_Handler
 .text.DebugMon_Handler
                0x08002a46        0xe ./Core/Src/stm32f4xx_it.o
                0x08002a46                DebugMon_Handler
 .text.PendSV_Handler
                0x08002a54        0xe ./Core/Src/stm32f4xx_it.o
                0x08002a54                PendSV_Handler
 .text.SysTick_Handler
                0x08002a62        0xc ./Core/Src/stm32f4xx_it.o
                0x08002a62                SysTick_Handler
 *fill*         0x08002a6e        0x2 
 .text.DMA1_Stream3_IRQHandler
                0x08002a70       0x14 ./Core/Src/stm32f4xx_it.o
                0x08002a70                DMA1_Stream3_IRQHandler
 .text.DMA1_Stream4_IRQHandler
                0x08002a84       0x14 ./Core/Src/stm32f4xx_it.o
                0x08002a84                DMA1_Stream4_IRQHandler
 .text.DMA1_Stream6_IRQHandler
                0x08002a98       0x14 ./Core/Src/stm32f4xx_it.o
                0x08002a98                DMA1_Stream6_IRQHandler
 .text.ADC_IRQHandler
                0x08002aac       0x28 ./Core/Src/stm32f4xx_it.o
                0x08002aac                ADC_IRQHandler
 .text.CAN1_RX0_IRQHandler
                0x08002ad4       0x14 ./Core/Src/stm32f4xx_it.o
                0x08002ad4                CAN1_RX0_IRQHandler
 .text.DMA1_Stream7_IRQHandler
                0x08002ae8       0x14 ./Core/Src/stm32f4xx_it.o
                0x08002ae8                DMA1_Stream7_IRQHandler
 .text.DMA2_Stream0_IRQHandler
                0x08002afc       0x14 ./Core/Src/stm32f4xx_it.o
                0x08002afc                DMA2_Stream0_IRQHandler
 .text.DMA2_Stream1_IRQHandler
                0x08002b10       0x14 ./Core/Src/stm32f4xx_it.o
                0x08002b10                DMA2_Stream1_IRQHandler
 .text.DMA2_Stream2_IRQHandler
                0x08002b24       0x14 ./Core/Src/stm32f4xx_it.o
                0x08002b24                DMA2_Stream2_IRQHandler
 .text.DMA2_Stream5_IRQHandler
                0x08002b38       0x14 ./Core/Src/stm32f4xx_it.o
                0x08002b38                DMA2_Stream5_IRQHandler
 .text.SystemInit
                0x08002b4c       0x24 ./Core/Src/system_stm32f4xx.o
                0x08002b4c                SystemInit
 .text.MX_TIM3_Init
                0x08002b70       0xf8 ./Core/Src/tim.o
                0x08002b70                MX_TIM3_Init
 .text.MX_TIM4_Init
                0x08002c68       0xf0 ./Core/Src/tim.o
                0x08002c68                MX_TIM4_Init
 .text.HAL_TIM_Base_MspInit
                0x08002d58       0x44 ./Core/Src/tim.o
                0x08002d58                HAL_TIM_Base_MspInit
 .text.HAL_TIM_PWM_MspInit
                0x08002d9c      0x110 ./Core/Src/tim.o
                0x08002d9c                HAL_TIM_PWM_MspInit
 .text.HAL_TIM_MspPostInit
                0x08002eac       0x74 ./Core/Src/tim.o
                0x08002eac                HAL_TIM_MspPostInit
 .text.Reset_Handler
                0x08002f20       0x50 ./Core/Startup/startup_stm32f446vetx.o
                0x08002f20                Reset_Handler
 .text.Default_Handler
                0x08002f70        0x2 ./Core/Startup/startup_stm32f446vetx.o
                0x08002f70                RTC_Alarm_IRQHandler
                0x08002f70                EXTI2_IRQHandler
                0x08002f70                TIM8_CC_IRQHandler
                0x08002f70                FMPI2C1_EV_IRQHandler
                0x08002f70                SPI4_IRQHandler
                0x08002f70                TIM1_CC_IRQHandler
                0x08002f70                DMA1_Stream5_IRQHandler
                0x08002f70                PVD_IRQHandler
                0x08002f70                SDIO_IRQHandler
                0x08002f70                TAMP_STAMP_IRQHandler
                0x08002f70                CAN2_RX1_IRQHandler
                0x08002f70                EXTI3_IRQHandler
                0x08002f70                TIM8_TRG_COM_TIM14_IRQHandler
                0x08002f70                TIM1_UP_TIM10_IRQHandler
                0x08002f70                TIM8_UP_TIM13_IRQHandler
                0x08002f70                I2C3_ER_IRQHandler
                0x08002f70                EXTI0_IRQHandler
                0x08002f70                I2C2_EV_IRQHandler
                0x08002f70                DMA1_Stream2_IRQHandler
                0x08002f70                FPU_IRQHandler
                0x08002f70                OTG_HS_WKUP_IRQHandler
                0x08002f70                CAN2_SCE_IRQHandler
                0x08002f70                SPI1_IRQHandler
                0x08002f70                TIM6_DAC_IRQHandler
                0x08002f70                TIM1_BRK_TIM9_IRQHandler
                0x08002f70                DCMI_IRQHandler
                0x08002f70                CAN2_RX0_IRQHandler
                0x08002f70                DMA2_Stream3_IRQHandler
                0x08002f70                SAI2_IRQHandler
                0x08002f70                USART6_IRQHandler
                0x08002f70                USART3_IRQHandler
                0x08002f70                CAN1_RX1_IRQHandler
                0x08002f70                UART5_IRQHandler
                0x08002f70                TIM4_IRQHandler
                0x08002f70                QUADSPI_IRQHandler
                0x08002f70                I2C1_EV_IRQHandler
                0x08002f70                DMA1_Stream1_IRQHandler
                0x08002f70                UART4_IRQHandler
                0x08002f70                TIM3_IRQHandler
                0x08002f70                RCC_IRQHandler
                0x08002f70                TIM8_BRK_TIM12_IRQHandler
                0x08002f70                Default_Handler
                0x08002f70                CEC_IRQHandler
                0x08002f70                EXTI15_10_IRQHandler
                0x08002f70                TIM7_IRQHandler
                0x08002f70                CAN2_TX_IRQHandler
                0x08002f70                TIM5_IRQHandler
                0x08002f70                DMA2_Stream7_IRQHandler
                0x08002f70                I2C3_EV_IRQHandler
                0x08002f70                EXTI9_5_IRQHandler
                0x08002f70                RTC_WKUP_IRQHandler
                0x08002f70                SPDIF_RX_IRQHandler
                0x08002f70                SPI2_IRQHandler
                0x08002f70                OTG_HS_EP1_IN_IRQHandler
                0x08002f70                DMA1_Stream0_IRQHandler
                0x08002f70                CAN1_TX_IRQHandler
                0x08002f70                FMPI2C1_ER_IRQHandler
                0x08002f70                EXTI4_IRQHandler
                0x08002f70                OTG_HS_EP1_OUT_IRQHandler
                0x08002f70                WWDG_IRQHandler
                0x08002f70                TIM2_IRQHandler
                0x08002f70                OTG_FS_WKUP_IRQHandler
                0x08002f70                TIM1_TRG_COM_TIM11_IRQHandler
                0x08002f70                OTG_HS_IRQHandler
                0x08002f70                EXTI1_IRQHandler
                0x08002f70                USART2_IRQHandler
                0x08002f70                I2C2_ER_IRQHandler
                0x08002f70                CAN1_SCE_IRQHandler
                0x08002f70                FLASH_IRQHandler
                0x08002f70                DMA2_Stream4_IRQHandler
                0x08002f70                USART1_IRQHandler
                0x08002f70                OTG_FS_IRQHandler
                0x08002f70                SPI3_IRQHandler
                0x08002f70                I2C1_ER_IRQHandler
                0x08002f70                FMC_IRQHandler
                0x08002f70                DMA2_Stream6_IRQHandler
                0x08002f70                SAI1_IRQHandler
 *fill*         0x08002f72        0x2 
 .text.HAL_Init
                0x08002f74       0x44 ./Drivers/STM32F4xx_HAL_Driver/Src/stm32f4xx_hal.o
                0x08002f74                HAL_Init
 .text.HAL_InitTick
                0x08002fb8       0x60 ./Drivers/STM32F4xx_HAL_Driver/Src/stm32f4xx_hal.o
                0x08002fb8                HAL_InitTick
 .text.HAL_IncTick
                0x08003018       0x28 ./Drivers/STM32F4xx_HAL_Driver/Src/stm32f4xx_hal.o
                0x08003018                HAL_IncTick
 .text.HAL_GetTick
                0x08003040       0x18 ./Drivers/STM32F4xx_HAL_Driver/Src/stm32f4xx_hal.o
                0x08003040                HAL_GetTick
 .text.HAL_Delay
                0x08003058       0x48 ./Drivers/STM32F4xx_HAL_Driver/Src/stm32f4xx_hal.o
                0x08003058                HAL_Delay
 .text.HAL_ADC_Init
                0x080030a0       0x86 ./Drivers/STM32F4xx_HAL_Driver/Src/stm32f4xx_hal_adc.o
                0x080030a0                HAL_ADC_Init
 .text.HAL_ADC_IRQHandler
                0x08003126      0x220 ./Drivers/STM32F4xx_HAL_Driver/Src/stm32f4xx_hal_adc.o
                0x08003126                HAL_ADC_IRQHandler
 .text.HAL_ADC_ConvCpltCallback
                0x08003346       0x14 ./Drivers/STM32F4xx_HAL_Driver/Src/stm32f4xx_hal_adc.o
                0x08003346                HAL_ADC_ConvCpltCallback
 .text.HAL_ADC_LevelOutOfWindowCallback
                0x0800335a       0x14 ./Drivers/STM32F4xx_HAL_Driver/Src/stm32f4xx_hal_adc.o
                0x0800335a                HAL_ADC_LevelOutOfWindowCallback
 .text.HAL_ADC_ErrorCallback
                0x0800336e       0x14 ./Drivers/STM32F4xx_HAL_Driver/Src/stm32f4xx_hal_adc.o
                0x0800336e                HAL_ADC_ErrorCallback
 *fill*         0x08003382        0x2 
 .text.HAL_ADC_ConfigChannel
                0x08003384      0x264 ./Drivers/STM32F4xx_HAL_Driver/Src/stm32f4xx_hal_adc.o
                0x08003384                HAL_ADC_ConfigChannel
 .text.ADC_Init
                0x080035e8      0x1f8 ./Drivers/STM32F4xx_HAL_Driver/Src/stm32f4xx_hal_adc.o
 .text.HAL_ADCEx_InjectedConvCpltCallback
                0x080037e0       0x14 ./Drivers/STM32F4xx_HAL_Driver/Src/stm32f4xx_hal_adc_ex.o
                0x080037e0                HAL_ADCEx_InjectedConvCpltCallback
 .text.HAL_ADCEx_MultiModeConfigChannel
                0x080037f4       0x8c ./Drivers/STM32F4xx_HAL_Driver/Src/stm32f4xx_hal_adc_ex.o
                0x080037f4                HAL_ADCEx_MultiModeConfigChannel
 .text.HAL_CAN_Init
                0x08003880      0x1f6 ./Drivers/STM32F4xx_HAL_Driver/Src/stm32f4xx_hal_can.o
                0x08003880                HAL_CAN_Init
 .text.HAL_CAN_IRQHandler
                0x08003a76      0x36e ./Drivers/STM32F4xx_HAL_Driver/Src/stm32f4xx_hal_can.o
                0x08003a76                HAL_CAN_IRQHandler
 .text.HAL_CAN_TxMailbox0CompleteCallback
                0x08003de4       0x14 ./Drivers/STM32F4xx_HAL_Driver/Src/stm32f4xx_hal_can.o
                0x08003de4                HAL_CAN_TxMailbox0CompleteCallback
 .text.HAL_CAN_TxMailbox1CompleteCallback
                0x08003df8       0x14 ./Drivers/STM32F4xx_HAL_Driver/Src/stm32f4xx_hal_can.o
                0x08003df8                HAL_CAN_TxMailbox1CompleteCallback
 .text.HAL_CAN_TxMailbox2CompleteCallback
                0x08003e0c       0x14 ./Drivers/STM32F4xx_HAL_Driver/Src/stm32f4xx_hal_can.o
                0x08003e0c                HAL_CAN_TxMailbox2CompleteCallback
 .text.HAL_CAN_TxMailbox0AbortCallback
                0x08003e20       0x14 ./Drivers/STM32F4xx_HAL_Driver/Src/stm32f4xx_hal_can.o
                0x08003e20                HAL_CAN_TxMailbox0AbortCallback
 .text.HAL_CAN_TxMailbox1AbortCallback
                0x08003e34       0x14 ./Drivers/STM32F4xx_HAL_Driver/Src/stm32f4xx_hal_can.o
                0x08003e34                HAL_CAN_TxMailbox1AbortCallback
 .text.HAL_CAN_TxMailbox2AbortCallback
                0x08003e48       0x14 ./Drivers/STM32F4xx_HAL_Driver/Src/stm32f4xx_hal_can.o
                0x08003e48                HAL_CAN_TxMailbox2AbortCallback
 .text.HAL_CAN_RxFifo0MsgPendingCallback
                0x08003e5c       0x14 ./Drivers/STM32F4xx_HAL_Driver/Src/stm32f4xx_hal_can.o
                0x08003e5c                HAL_CAN_RxFifo0MsgPendingCallback
 .text.HAL_CAN_RxFifo0FullCallback
                0x08003e70       0x14 ./Drivers/STM32F4xx_HAL_Driver/Src/stm32f4xx_hal_can.o
                0x08003e70                HAL_CAN_RxFifo0FullCallback
 .text.HAL_CAN_RxFifo1MsgPendingCallback
                0x08003e84       0x14 ./Drivers/STM32F4xx_HAL_Driver/Src/stm32f4xx_hal_can.o
                0x08003e84                HAL_CAN_RxFifo1MsgPendingCallback
 .text.HAL_CAN_RxFifo1FullCallback
                0x08003e98       0x14 ./Drivers/STM32F4xx_HAL_Driver/Src/stm32f4xx_hal_can.o
                0x08003e98                HAL_CAN_RxFifo1FullCallback
 .text.HAL_CAN_SleepCallback
                0x08003eac       0x14 ./Drivers/STM32F4xx_HAL_Driver/Src/stm32f4xx_hal_can.o
                0x08003eac                HAL_CAN_SleepCallback
 .text.HAL_CAN_WakeUpFromRxMsgCallback
                0x08003ec0       0x14 ./Drivers/STM32F4xx_HAL_Driver/Src/stm32f4xx_hal_can.o
                0x08003ec0                HAL_CAN_WakeUpFromRxMsgCallback
 .text.HAL_CAN_ErrorCallback
                0x08003ed4       0x14 ./Drivers/STM32F4xx_HAL_Driver/Src/stm32f4xx_hal_can.o
                0x08003ed4                HAL_CAN_ErrorCallback
 .text.__NVIC_SetPriorityGrouping
                0x08003ee8       0x48 ./Drivers/STM32F4xx_HAL_Driver/Src/stm32f4xx_hal_cortex.o
 .text.__NVIC_GetPriorityGrouping
                0x08003f30       0x1c ./Drivers/STM32F4xx_HAL_Driver/Src/stm32f4xx_hal_cortex.o
 .text.__NVIC_EnableIRQ
                0x08003f4c       0x3c ./Drivers/STM32F4xx_HAL_Driver/Src/stm32f4xx_hal_cortex.o
 .text.__NVIC_SetPriority
                0x08003f88       0x54 ./Drivers/STM32F4xx_HAL_Driver/Src/stm32f4xx_hal_cortex.o
 .text.NVIC_EncodePriority
                0x08003fdc       0x66 ./Drivers/STM32F4xx_HAL_Driver/Src/stm32f4xx_hal_cortex.o
 *fill*         0x08004042        0x2 
 .text.SysTick_Config
                0x08004044       0x44 ./Drivers/STM32F4xx_HAL_Driver/Src/stm32f4xx_hal_cortex.o
 .text.HAL_NVIC_SetPriorityGrouping
                0x08004088       0x16 ./Drivers/STM32F4xx_HAL_Driver/Src/stm32f4xx_hal_cortex.o
                0x08004088                HAL_NVIC_SetPriorityGrouping
 .text.HAL_NVIC_SetPriority
                0x0800409e       0x38 ./Drivers/STM32F4xx_HAL_Driver/Src/stm32f4xx_hal_cortex.o
                0x0800409e                HAL_NVIC_SetPriority
 .text.HAL_NVIC_EnableIRQ
                0x080040d6       0x1c ./Drivers/STM32F4xx_HAL_Driver/Src/stm32f4xx_hal_cortex.o
                0x080040d6                HAL_NVIC_EnableIRQ
 .text.HAL_SYSTICK_Config
                0x080040f2       0x18 ./Drivers/STM32F4xx_HAL_Driver/Src/stm32f4xx_hal_cortex.o
                0x080040f2                HAL_SYSTICK_Config
 *fill*         0x0800410a        0x2 
 .text.HAL_DMA_Init
                0x0800410c      0x15c ./Drivers/STM32F4xx_HAL_Driver/Src/stm32f4xx_hal_dma.o
                0x0800410c                HAL_DMA_Init
 .text.HAL_DMA_IRQHandler
                0x08004268      0x314 ./Drivers/STM32F4xx_HAL_Driver/Src/stm32f4xx_hal_dma.o
                0x08004268                HAL_DMA_IRQHandler
 .text.DMA_CalcBaseAndBitshift
                0x0800457c       0x6c ./Drivers/STM32F4xx_HAL_Driver/Src/stm32f4xx_hal_dma.o
 .text.DMA_CheckFifoParam
                0x080045e8       0xf8 ./Drivers/STM32F4xx_HAL_Driver/Src/stm32f4xx_hal_dma.o
 .text.HAL_FMPI2C_Init
                0x080046e0      0x136 ./Drivers/STM32F4xx_HAL_Driver/Src/stm32f4xx_hal_fmpi2c.o
                0x080046e0                HAL_FMPI2C_Init
 .text.HAL_FMPI2CEx_ConfigAnalogFilter
                0x08004816       0x96 ./Drivers/STM32F4xx_HAL_Driver/Src/stm32f4xx_hal_fmpi2c_ex.o
                0x08004816                HAL_FMPI2CEx_ConfigAnalogFilter
 .text.HAL_GPIO_Init
                0x080048ac      0x328 ./Drivers/STM32F4xx_HAL_Driver/Src/stm32f4xx_hal_gpio.o
                0x080048ac                HAL_GPIO_Init
 .text.HAL_GPIO_WritePin
                0x08004bd4       0x32 ./Drivers/STM32F4xx_HAL_Driver/Src/stm32f4xx_hal_gpio.o
                0x08004bd4                HAL_GPIO_WritePin
 *fill*         0x08004c06        0x2 
 .text.HAL_I2C_Init
                0x08004c08      0x288 ./Drivers/STM32F4xx_HAL_Driver/Src/stm32f4xx_hal_i2c.o
                0x08004c08                HAL_I2C_Init
 .text.HAL_QSPI_Init
                0x08004e90       0xf8 ./Drivers/STM32F4xx_HAL_Driver/Src/stm32f4xx_hal_qspi.o
                0x08004e90                HAL_QSPI_Init
 .text.HAL_QSPI_SetTimeout
                0x08004f88       0x1c ./Drivers/STM32F4xx_HAL_Driver/Src/stm32f4xx_hal_qspi.o
                0x08004f88                HAL_QSPI_SetTimeout
 .text.QSPI_WaitFlagStateUntilTimeout
                0x08004fa4       0x6e ./Drivers/STM32F4xx_HAL_Driver/Src/stm32f4xx_hal_qspi.o
 *fill*         0x08005012        0x2 
 .text.HAL_RCC_ClockConfig
                0x08005014      0x1cc ./Drivers/STM32F4xx_HAL_Driver/Src/stm32f4xx_hal_rcc.o
                0x08005014                HAL_RCC_ClockConfig
 .text.HAL_RCC_GetHCLKFreq
                0x080051e0       0x18 ./Drivers/STM32F4xx_HAL_Driver/Src/stm32f4xx_hal_rcc.o
                0x080051e0                HAL_RCC_GetHCLKFreq
 .text.HAL_RCC_GetPCLK1Freq
                0x080051f8       0x28 ./Drivers/STM32F4xx_HAL_Driver/Src/stm32f4xx_hal_rcc.o
                0x080051f8                HAL_RCC_GetPCLK1Freq
 .text.HAL_RCCEx_PeriphCLKConfig
                0x08005220      0x654 ./Drivers/STM32F4xx_HAL_Driver/Src/stm32f4xx_hal_rcc_ex.o
                0x08005220                HAL_RCCEx_PeriphCLKConfig
 .text.HAL_RCCEx_GetPeriphCLKFreq
                0x08005874      0x494 ./Drivers/STM32F4xx_HAL_Driver/Src/stm32f4xx_hal_rcc_ex.o
                0x08005874                HAL_RCCEx_GetPeriphCLKFreq
 .text.HAL_RCC_GetSysClockFreq
                0x08005d08      0x354 ./Drivers/STM32F4xx_HAL_Driver/Src/stm32f4xx_hal_rcc_ex.o
                0x08005d08                HAL_RCC_GetSysClockFreq
 .text.HAL_RCC_OscConfig
                0x0800605c      0x53c ./Drivers/STM32F4xx_HAL_Driver/Src/stm32f4xx_hal_rcc_ex.o
                0x0800605c                HAL_RCC_OscConfig
 .text.HAL_SAI_Init
                0x08006598      0x250 ./Drivers/STM32F4xx_HAL_Driver/Src/stm32f4xx_hal_sai.o
                0x08006598                HAL_SAI_Init
 .text.SAI_Disable
                0x080067e8       0x70 ./Drivers/STM32F4xx_HAL_Driver/Src/stm32f4xx_hal_sai.o
 .text.SAI_BlockSynchroConfig
                0x08006858       0x88 ./Drivers/STM32F4xx_HAL_Driver/Src/stm32f4xx_hal_sai_ex.o
                0x08006858                SAI_BlockSynchroConfig
 .text.SAI_GetInputClock
                0x080068e0       0x44 ./Drivers/STM32F4xx_HAL_Driver/Src/stm32f4xx_hal_sai_ex.o
                0x080068e0                SAI_GetInputClock
 .text.HAL_SPI_Init
                0x08006924      0x112 ./Drivers/STM32F4xx_HAL_Driver/Src/stm32f4xx_hal_spi.o
                0x08006924                HAL_SPI_Init
 .text.HAL_SPI_Transmit
                0x08006a36      0x286 ./Drivers/STM32F4xx_HAL_Driver/Src/stm32f4xx_hal_spi.o
                0x08006a36                HAL_SPI_Transmit
 .text.HAL_SPI_TransmitReceive
                0x08006cbc      0x360 ./Drivers/STM32F4xx_HAL_Driver/Src/stm32f4xx_hal_spi.o
                0x08006cbc                HAL_SPI_TransmitReceive
 .text.SPI_WaitFlagStateUntilTimeout
                0x0800701c      0x110 ./Drivers/STM32F4xx_HAL_Driver/Src/stm32f4xx_hal_spi.o
 .text.SPI_EndRxTxTransaction
                0x0800712c       0xa8 ./Drivers/STM32F4xx_HAL_Driver/Src/stm32f4xx_hal_spi.o
 .text.HAL_TIM_Base_Init
                0x080071d4       0x9e ./Drivers/STM32F4xx_HAL_Driver/Src/stm32f4xx_hal_tim.o
                0x080071d4                HAL_TIM_Base_Init
 .text.HAL_TIM_OC_Init
                0x08007272       0x9e ./Drivers/STM32F4xx_HAL_Driver/Src/stm32f4xx_hal_tim.o
                0x08007272                HAL_TIM_OC_Init
 .text.HAL_TIM_OC_MspInit
                0x08007310       0x14 ./Drivers/STM32F4xx_HAL_Driver/Src/stm32f4xx_hal_tim.o
                0x08007310                HAL_TIM_OC_MspInit
 .text.HAL_TIM_PWM_Init
                0x08007324       0x9e ./Drivers/STM32F4xx_HAL_Driver/Src/stm32f4xx_hal_tim.o
                0x08007324                HAL_TIM_PWM_Init
 *fill*         0x080073c2        0x2 
 .text.HAL_TIM_OC_ConfigChannel
                0x080073c4       0xb8 ./Drivers/STM32F4xx_HAL_Driver/Src/stm32f4xx_hal_tim.o
                0x080073c4                HAL_TIM_OC_ConfigChannel
 .text.HAL_TIM_PWM_ConfigChannel
                0x0800747c      0x184 ./Drivers/STM32F4xx_HAL_Driver/Src/stm32f4xx_hal_tim.o
                0x0800747c                HAL_TIM_PWM_ConfigChannel
 .text.HAL_TIM_ConfigClockSource
                0x08007600      0x18e ./Drivers/STM32F4xx_HAL_Driver/Src/stm32f4xx_hal_tim.o
                0x08007600                HAL_TIM_ConfigClockSource
 *fill*         0x0800778e        0x2 
 .text.TIM_Base_SetConfig
                0x08007790      0x158 ./Drivers/STM32F4xx_HAL_Driver/Src/stm32f4xx_hal_tim.o
                0x08007790                TIM_Base_SetConfig
 .text.TIM_OC1_SetConfig
                0x080078e8       0xe0 ./Drivers/STM32F4xx_HAL_Driver/Src/stm32f4xx_hal_tim.o
 .text.TIM_OC2_SetConfig
                0x080079c8       0xec ./Drivers/STM32F4xx_HAL_Driver/Src/stm32f4xx_hal_tim.o
                0x080079c8                TIM_OC2_SetConfig
 .text.TIM_OC3_SetConfig
                0x08007ab4       0xe8 ./Drivers/STM32F4xx_HAL_Driver/Src/stm32f4xx_hal_tim.o
 .text.TIM_OC4_SetConfig
                0x08007b9c       0xac ./Drivers/STM32F4xx_HAL_Driver/Src/stm32f4xx_hal_tim.o
 .text.TIM_TI1_ConfigInputStage
                0x08007c48       0x5e ./Drivers/STM32F4xx_HAL_Driver/Src/stm32f4xx_hal_tim.o
 .text.TIM_TI2_ConfigInputStage
                0x08007ca6       0x60 ./Drivers/STM32F4xx_HAL_Driver/Src/stm32f4xx_hal_tim.o
 .text.TIM_ITRx_SetConfig
                0x08007d06       0x36 ./Drivers/STM32F4xx_HAL_Driver/Src/stm32f4xx_hal_tim.o
 .text.TIM_ETR_SetConfig
                0x08007d3c       0x40 ./Drivers/STM32F4xx_HAL_Driver/Src/stm32f4xx_hal_tim.o
                0x08007d3c                TIM_ETR_SetConfig
 .text.HAL_TIMEx_MasterConfigSynchronization
                0x08007d7c       0xf8 ./Drivers/STM32F4xx_HAL_Driver/Src/stm32f4xx_hal_tim_ex.o
                0x08007d7c                HAL_TIMEx_MasterConfigSynchronization
 .text.memset   0x08007e74       0x10 C:/ST/STM32CubeIDE_1.14.1/STM32CubeIDE/plugins/com.st.stm32cube.ide.mcu.externaltools.gnu-tools-for-stm32.12.3.rel1.win32_1.0.100.202403111256/tools/bin/../lib/gcc/arm-none-eabi/12.3.1/../../../../arm-none-eabi/lib/thumb/v7e-m+fp/hard\libc_nano.a(libc_a-memset.o)
                0x08007e74                memset
 .text.__libc_init_array
                0x08007e84       0x48 C:/ST/STM32CubeIDE_1.14.1/STM32CubeIDE/plugins/com.st.stm32cube.ide.mcu.externaltools.gnu-tools-for-stm32.12.3.rel1.win32_1.0.100.202403111256/tools/bin/../lib/gcc/arm-none-eabi/12.3.1/../../../../arm-none-eabi/lib/thumb/v7e-m+fp/hard\libc_nano.a(libc_a-init.o)
                0x08007e84                __libc_init_array
 .text.memcpy   0x08007ecc       0x1c C:/ST/STM32CubeIDE_1.14.1/STM32CubeIDE/plugins/com.st.stm32cube.ide.mcu.externaltools.gnu-tools-for-stm32.12.3.rel1.win32_1.0.100.202403111256/tools/bin/../lib/gcc/arm-none-eabi/12.3.1/../../../../arm-none-eabi/lib/thumb/v7e-m+fp/hard\libc_nano.a(libc_a-memcpy-stub.o)
                0x08007ecc                memcpy
 *(.glue_7)
 .glue_7        0x08007ee8        0x0 linker stubs
 *(.glue_7t)
 .glue_7t       0x08007ee8        0x0 linker stubs
 *(.eh_frame)
 .eh_frame      0x08007ee8        0x0 C:/ST/STM32CubeIDE_1.14.1/STM32CubeIDE/plugins/com.st.stm32cube.ide.mcu.externaltools.gnu-tools-for-stm32.12.3.rel1.win32_1.0.100.202403111256/tools/bin/../lib/gcc/arm-none-eabi/12.3.1/thumb/v7e-m+fp/hard/crtbegin.o
 *(.init)
 .init          0x08007ee8        0x4 C:/ST/STM32CubeIDE_1.14.1/STM32CubeIDE/plugins/com.st.stm32cube.ide.mcu.externaltools.gnu-tools-for-stm32.12.3.rel1.win32_1.0.100.202403111256/tools/bin/../lib/gcc/arm-none-eabi/12.3.1/thumb/v7e-m+fp/hard/crti.o
                0x08007ee8                _init
 .init          0x08007eec        0x8 C:/ST/STM32CubeIDE_1.14.1/STM32CubeIDE/plugins/com.st.stm32cube.ide.mcu.externaltools.gnu-tools-for-stm32.12.3.rel1.win32_1.0.100.202403111256/tools/bin/../lib/gcc/arm-none-eabi/12.3.1/thumb/v7e-m+fp/hard/crtn.o
 *(.fini)
 .fini          0x08007ef4        0x4 C:/ST/STM32CubeIDE_1.14.1/STM32CubeIDE/plugins/com.st.stm32cube.ide.mcu.externaltools.gnu-tools-for-stm32.12.3.rel1.win32_1.0.100.202403111256/tools/bin/../lib/gcc/arm-none-eabi/12.3.1/thumb/v7e-m+fp/hard/crti.o
                0x08007ef4                _fini
 .fini          0x08007ef8        0x8 C:/ST/STM32CubeIDE_1.14.1/STM32CubeIDE/plugins/com.st.stm32cube.ide.mcu.externaltools.gnu-tools-for-stm32.12.3.rel1.win32_1.0.100.202403111256/tools/bin/../lib/gcc/arm-none-eabi/12.3.1/thumb/v7e-m+fp/hard/crtn.o
                0x08007f00                        . = ALIGN (0x4)
                0x08007f00                        _etext = .

.vfp11_veneer   0x08007f00        0x0
 .vfp11_veneer  0x08007f00        0x0 linker stubs

.v4_bx          0x08007f00        0x0
 .v4_bx         0x08007f00        0x0 linker stubs

.iplt           0x08007f00        0x0
 .iplt          0x08007f00        0x0 C:/ST/STM32CubeIDE_1.14.1/STM32CubeIDE/plugins/com.st.stm32cube.ide.mcu.externaltools.gnu-tools-for-stm32.12.3.rel1.win32_1.0.100.202403111256/tools/bin/../lib/gcc/arm-none-eabi/12.3.1/thumb/v7e-m+fp/hard/crtbegin.o

.rodata         0x08007f00      0x3c0
                0x08007f00                        . = ALIGN (0x4)
 *(.rodata)
 .rodata        0x08007f00      0x3a0 ./Core/Src/AD7124.o
 *(.rodata*)
 .rodata.AHBPrescTable
                0x080082a0       0x10 ./Core/Src/system_stm32f4xx.o
                0x080082a0                AHBPrescTable
 .rodata.APBPrescTable
                0x080082b0        0x8 ./Core/Src/system_stm32f4xx.o
                0x080082b0                APBPrescTable
 .rodata.flagBitshiftOffset.0
                0x080082b8        0x8 ./Drivers/STM32F4xx_HAL_Driver/Src/stm32f4xx_hal_dma.o
                0x080082c0                        . = ALIGN (0x4)

.ARM.extab      0x080082c0        0x0
                0x080082c0                        . = ALIGN (0x4)
 *(.ARM.extab* .gnu.linkonce.armextab.*)
                0x080082c0                        . = ALIGN (0x4)

.ARM            0x080082c0        0x8
                0x080082c0                        . = ALIGN (0x4)
                0x080082c0                        __exidx_start = .
 *(.ARM.exidx*)
 .ARM.exidx     0x080082c0        0x8 C:/ST/STM32CubeIDE_1.14.1/STM32CubeIDE/plugins/com.st.stm32cube.ide.mcu.externaltools.gnu-tools-for-stm32.12.3.rel1.win32_1.0.100.202403111256/tools/bin/../lib/gcc/arm-none-eabi/12.3.1/thumb/v7e-m+fp/hard\libgcc.a(_udivmoddi4.o)
                0x080082c8                        __exidx_end = .
                0x080082c8                        . = ALIGN (0x4)

.rel.dyn        0x080082c8        0x0
 .rel.iplt      0x080082c8        0x0 C:/ST/STM32CubeIDE_1.14.1/STM32CubeIDE/plugins/com.st.stm32cube.ide.mcu.externaltools.gnu-tools-for-stm32.12.3.rel1.win32_1.0.100.202403111256/tools/bin/../lib/gcc/arm-none-eabi/12.3.1/thumb/v7e-m+fp/hard/crtbegin.o

.preinit_array  0x080082c8        0x0
                0x080082c8                        . = ALIGN (0x4)
                0x080082c8                        PROVIDE (__preinit_array_start = .)
 *(.preinit_array*)
                0x080082c8                        PROVIDE (__preinit_array_end = .)
                0x080082c8                        . = ALIGN (0x4)

.init_array     0x080082c8        0x4
                0x080082c8                        . = ALIGN (0x4)
                0x080082c8                        PROVIDE (__init_array_start = .)
 *(SORT_BY_NAME(.init_array.*))
 *(.init_array*)
 .init_array    0x080082c8        0x4 C:/ST/STM32CubeIDE_1.14.1/STM32CubeIDE/plugins/com.st.stm32cube.ide.mcu.externaltools.gnu-tools-for-stm32.12.3.rel1.win32_1.0.100.202403111256/tools/bin/../lib/gcc/arm-none-eabi/12.3.1/thumb/v7e-m+fp/hard/crtbegin.o
                0x080082cc                        PROVIDE (__init_array_end = .)
                0x080082cc                        . = ALIGN (0x4)

.fini_array     0x080082cc        0x4
                0x080082cc                        . = ALIGN (0x4)
                [!provide]                        PROVIDE (__fini_array_start = .)
 *(SORT_BY_NAME(.fini_array.*))
 *(.fini_array*)
 .fini_array    0x080082cc        0x4 C:/ST/STM32CubeIDE_1.14.1/STM32CubeIDE/plugins/com.st.stm32cube.ide.mcu.externaltools.gnu-tools-for-stm32.12.3.rel1.win32_1.0.100.202403111256/tools/bin/../lib/gcc/arm-none-eabi/12.3.1/thumb/v7e-m+fp/hard/crtbegin.o
                [!provide]                        PROVIDE (__fini_array_end = .)
                0x080082d0                        . = ALIGN (0x4)
                0x080082d0                        _sidata = LOADADDR (.data)

.data           0x20000000        0xc load address 0x080082d0
                0x20000000                        . = ALIGN (0x4)
                0x20000000                        _sdata = .
 *(.data)
 *(.data*)
 .data.SystemCoreClock
                0x20000000        0x4 ./Core/Src/system_stm32f4xx.o
                0x20000000                SystemCoreClock
 .data.uwTickPrio
                0x20000004        0x4 ./Drivers/STM32F4xx_HAL_Driver/Src/stm32f4xx_hal.o
                0x20000004                uwTickPrio
 .data.uwTickFreq
                0x20000008        0x1 ./Drivers/STM32F4xx_HAL_Driver/Src/stm32f4xx_hal.o
                0x20000008                uwTickFreq
 *(.RamFunc)
 *(.RamFunc*)
                0x2000000c                        . = ALIGN (0x4)
 *fill*         0x20000009        0x3 
                0x2000000c                        _edata = .

.igot.plt       0x2000000c        0x0 load address 0x080082dc
 .igot.plt      0x2000000c        0x0 C:/ST/STM32CubeIDE_1.14.1/STM32CubeIDE/plugins/com.st.stm32cube.ide.mcu.externaltools.gnu-tools-for-stm32.12.3.rel1.win32_1.0.100.202403111256/tools/bin/../lib/gcc/arm-none-eabi/12.3.1/thumb/v7e-m+fp/hard/crtbegin.o
                0x2000000c                        . = ALIGN (0x4)

.bss            0x2000000c      0x7b8 load address 0x080082dc
                0x2000000c                        _sbss = .
                0x2000000c                        __bss_start__ = _sbss
 *(.bss)
 .bss           0x2000000c       0x1c C:/ST/STM32CubeIDE_1.14.1/STM32CubeIDE/plugins/com.st.stm32cube.ide.mcu.externaltools.gnu-tools-for-stm32.12.3.rel1.win32_1.0.100.202403111256/tools/bin/../lib/gcc/arm-none-eabi/12.3.1/thumb/v7e-m+fp/hard/crtbegin.o
 *(.bss*)
 .bss.hadc1     0x20000028       0x48 ./Core/Src/adc.o
                0x20000028                hadc1
 .bss.hadc2     0x20000070       0x48 ./Core/Src/adc.o
                0x20000070                hadc2
 .bss.hadc3     0x200000b8       0x48 ./Core/Src/adc.o
                0x200000b8                hadc3
 .bss.hdma_adc1
                0x20000100       0x60 ./Core/Src/adc.o
                0x20000100                hdma_adc1
 .bss.hdma_adc3
                0x20000160       0x60 ./Core/Src/adc.o
                0x20000160                hdma_adc3
 .bss.hcan1     0x200001c0       0x28 ./Core/Src/can.o
                0x200001c0                hcan1
 .bss.hfmpi2c1  0x200001e8       0x54 ./Core/Src/fmpi2c.o
                0x200001e8                hfmpi2c1
 .bss.hi2c3     0x2000023c       0x54 ./Core/Src/i2c.o
                0x2000023c                hi2c3
 .bss.value     0x20000290       0x40 ./Core/Src/main.o
                0x20000290                value
 .bss.voltage   0x200002d0       0x40 ./Core/Src/main.o
                0x200002d0                voltage
 .bss.hqspi     0x20000310       0x4c ./Core/Src/quadspi.o
                0x20000310                hqspi
 .bss.hsai_BlockA2
                0x2000035c       0x88 ./Core/Src/sai.o
                0x2000035c                hsai_BlockA2
 .bss.SAI2_client
                0x200003e4        0x4 ./Core/Src/sai.o
 .bss.hspi1     0x200003e8       0x58 ./Core/Src/spi.o
                0x200003e8                hspi1
 .bss.hspi2     0x20000440       0x58 ./Core/Src/spi.o
                0x20000440                hspi2
 .bss.hspi4     0x20000498       0x58 ./Core/Src/spi.o
                0x20000498                hspi4
 .bss.hdma_spi1_rx
                0x200004f0       0x60 ./Core/Src/spi.o
                0x200004f0                hdma_spi1_rx
 .bss.hdma_spi1_tx
                0x20000550       0x60 ./Core/Src/spi.o
                0x20000550                hdma_spi1_tx
 .bss.hdma_spi2_rx
                0x200005b0       0x60 ./Core/Src/spi.o
                0x200005b0                hdma_spi2_rx
 .bss.hdma_spi2_tx
                0x20000610       0x60 ./Core/Src/spi.o
                0x20000610                hdma_spi2_tx
 .bss.htim3     0x20000670       0x48 ./Core/Src/tim.o
                0x20000670                htim3
 .bss.htim4     0x200006b8       0x48 ./Core/Src/tim.o
                0x200006b8                htim4
 .bss.hdma_tim4_up
                0x20000700       0x60 ./Core/Src/tim.o
                0x20000700                hdma_tim4_up
 .bss.hdma_tim4_ch3
                0x20000760       0x60 ./Core/Src/tim.o
                0x20000760                hdma_tim4_ch3
 .bss.uwTick    0x200007c0        0x4 ./Drivers/STM32F4xx_HAL_Driver/Src/stm32f4xx_hal.o
                0x200007c0                uwTick
 *(COMMON)
                0x200007c4                        . = ALIGN (0x4)
                0x200007c4                        _ebss = .
                0x200007c4                        __bss_end__ = _ebss

._user_heap_stack
                0x200007c4      0x604 load address 0x080082dc
                0x200007c8                        . = ALIGN (0x8)
 *fill*         0x200007c4        0x4 
                [!provide]                        PROVIDE (end = .)
                0x200007c8                        PROVIDE (_end = .)
                0x200009c8                        . = (. + _Min_Heap_Size)
 *fill*         0x200007c8      0x200 
                0x20000dc8                        . = (. + _Min_Stack_Size)
 *fill*         0x200009c8      0x400 
                0x20000dc8                        . = ALIGN (0x8)

/DISCARD/
 libc.a(*)
 libm.a(*)
 libgcc.a(*)

.ARM.attributes
                0x00000000       0x30
 *(.ARM.attributes)
 .ARM.attributes
                0x00000000       0x22 C:/ST/STM32CubeIDE_1.14.1/STM32CubeIDE/plugins/com.st.stm32cube.ide.mcu.externaltools.gnu-tools-for-stm32.12.3.rel1.win32_1.0.100.202403111256/tools/bin/../lib/gcc/arm-none-eabi/12.3.1/thumb/v7e-m+fp/hard/crti.o
 .ARM.attributes
                0x00000022       0x34 C:/ST/STM32CubeIDE_1.14.1/STM32CubeIDE/plugins/com.st.stm32cube.ide.mcu.externaltools.gnu-tools-for-stm32.12.3.rel1.win32_1.0.100.202403111256/tools/bin/../lib/gcc/arm-none-eabi/12.3.1/thumb/v7e-m+fp/hard/crtbegin.o
 .ARM.attributes
                0x00000056       0x34 ./Core/Src/AD7124.o
 .ARM.attributes
                0x0000008a       0x34 ./Core/Src/adc.o
 .ARM.attributes
                0x000000be       0x34 ./Core/Src/can.o
 .ARM.attributes
                0x000000f2       0x34 ./Core/Src/dma.o
 .ARM.attributes
                0x00000126       0x34 ./Core/Src/fmpi2c.o
 .ARM.attributes
                0x0000015a       0x34 ./Core/Src/gpio.o
 .ARM.attributes
                0x0000018e       0x34 ./Core/Src/i2c.o
 .ARM.attributes
                0x000001c2       0x34 ./Core/Src/main.o
 .ARM.attributes
                0x000001f6       0x34 ./Core/Src/quadspi.o
 .ARM.attributes
                0x0000022a       0x34 ./Core/Src/sai.o
 .ARM.attributes
                0x0000025e       0x34 ./Core/Src/spi.o
 .ARM.attributes
                0x00000292       0x34 ./Core/Src/stm32f4xx_hal_msp.o
 .ARM.attributes
                0x000002c6       0x34 ./Core/Src/stm32f4xx_it.o
 .ARM.attributes
                0x000002fa       0x34 ./Core/Src/system_stm32f4xx.o
 .ARM.attributes
                0x0000032e       0x34 ./Core/Src/tim.o
 .ARM.attributes
                0x00000362       0x21 ./Core/Startup/startup_stm32f446vetx.o
 .ARM.attributes
                0x00000383       0x34 ./Drivers/STM32F4xx_HAL_Driver/Src/stm32f4xx_hal.o
 .ARM.attributes
                0x000003b7       0x34 ./Drivers/STM32F4xx_HAL_Driver/Src/stm32f4xx_hal_adc.o
 .ARM.attributes
                0x000003eb       0x34 ./Drivers/STM32F4xx_HAL_Driver/Src/stm32f4xx_hal_adc_ex.o
 .ARM.attributes
                0x0000041f       0x34 ./Drivers/STM32F4xx_HAL_Driver/Src/stm32f4xx_hal_can.o
 .ARM.attributes
                0x00000453       0x34 ./Drivers/STM32F4xx_HAL_Driver/Src/stm32f4xx_hal_cortex.o
 .ARM.attributes
                0x00000487       0x34 ./Drivers/STM32F4xx_HAL_Driver/Src/stm32f4xx_hal_dma.o
 .ARM.attributes
                0x000004bb       0x34 ./Drivers/STM32F4xx_HAL_Driver/Src/stm32f4xx_hal_fmpi2c.o
 .ARM.attributes
                0x000004ef       0x34 ./Drivers/STM32F4xx_HAL_Driver/Src/stm32f4xx_hal_fmpi2c_ex.o
 .ARM.attributes
                0x00000523       0x34 ./Drivers/STM32F4xx_HAL_Driver/Src/stm32f4xx_hal_gpio.o
 .ARM.attributes
                0x00000557       0x34 ./Drivers/STM32F4xx_HAL_Driver/Src/stm32f4xx_hal_i2c.o
 .ARM.attributes
                0x0000058b       0x34 ./Drivers/STM32F4xx_HAL_Driver/Src/stm32f4xx_hal_qspi.o
 .ARM.attributes
                0x000005bf       0x34 ./Drivers/STM32F4xx_HAL_Driver/Src/stm32f4xx_hal_rcc.o
 .ARM.attributes
                0x000005f3       0x34 ./Drivers/STM32F4xx_HAL_Driver/Src/stm32f4xx_hal_rcc_ex.o
 .ARM.attributes
                0x00000627       0x34 ./Drivers/STM32F4xx_HAL_Driver/Src/stm32f4xx_hal_sai.o
 .ARM.attributes
                0x0000065b       0x34 ./Drivers/STM32F4xx_HAL_Driver/Src/stm32f4xx_hal_sai_ex.o
 .ARM.attributes
                0x0000068f       0x34 ./Drivers/STM32F4xx_HAL_Driver/Src/stm32f4xx_hal_spi.o
 .ARM.attributes
                0x000006c3       0x34 ./Drivers/STM32F4xx_HAL_Driver/Src/stm32f4xx_hal_tim.o
 .ARM.attributes
                0x000006f7       0x34 ./Drivers/STM32F4xx_HAL_Driver/Src/stm32f4xx_hal_tim_ex.o
 .ARM.attributes
                0x0000072b       0x34 C:/ST/STM32CubeIDE_1.14.1/STM32CubeIDE/plugins/com.st.stm32cube.ide.mcu.externaltools.gnu-tools-for-stm32.12.3.rel1.win32_1.0.100.202403111256/tools/bin/../lib/gcc/arm-none-eabi/12.3.1/../../../../arm-none-eabi/lib/thumb/v7e-m+fp/hard\libc_nano.a(libc_a-memset.o)
 .ARM.attributes
                0x0000075f       0x34 C:/ST/STM32CubeIDE_1.14.1/STM32CubeIDE/plugins/com.st.stm32cube.ide.mcu.externaltools.gnu-tools-for-stm32.12.3.rel1.win32_1.0.100.202403111256/tools/bin/../lib/gcc/arm-none-eabi/12.3.1/../../../../arm-none-eabi/lib/thumb/v7e-m+fp/hard\libc_nano.a(libc_a-init.o)
 .ARM.attributes
                0x00000793       0x34 C:/ST/STM32CubeIDE_1.14.1/STM32CubeIDE/plugins/com.st.stm32cube.ide.mcu.externaltools.gnu-tools-for-stm32.12.3.rel1.win32_1.0.100.202403111256/tools/bin/../lib/gcc/arm-none-eabi/12.3.1/../../../../arm-none-eabi/lib/thumb/v7e-m+fp/hard\libc_nano.a(libc_a-memcpy-stub.o)
 .ARM.attributes
                0x000007c7       0x22 C:/ST/STM32CubeIDE_1.14.1/STM32CubeIDE/plugins/com.st.stm32cube.ide.mcu.externaltools.gnu-tools-for-stm32.12.3.rel1.win32_1.0.100.202403111256/tools/bin/../lib/gcc/arm-none-eabi/12.3.1/thumb/v7e-m+fp/hard\libgcc.a(_aeabi_uldivmod.o)
 .ARM.attributes
                0x000007e9       0x34 C:/ST/STM32CubeIDE_1.14.1/STM32CubeIDE/plugins/com.st.stm32cube.ide.mcu.externaltools.gnu-tools-for-stm32.12.3.rel1.win32_1.0.100.202403111256/tools/bin/../lib/gcc/arm-none-eabi/12.3.1/thumb/v7e-m+fp/hard\libgcc.a(_udivmoddi4.o)
 .ARM.attributes
                0x0000081d       0x22 C:/ST/STM32CubeIDE_1.14.1/STM32CubeIDE/plugins/com.st.stm32cube.ide.mcu.externaltools.gnu-tools-for-stm32.12.3.rel1.win32_1.0.100.202403111256/tools/bin/../lib/gcc/arm-none-eabi/12.3.1/thumb/v7e-m+fp/hard\libgcc.a(_dvmd_tls.o)
 .ARM.attributes
                0x0000083f       0x22 C:/ST/STM32CubeIDE_1.14.1/STM32CubeIDE/plugins/com.st.stm32cube.ide.mcu.externaltools.gnu-tools-for-stm32.12.3.rel1.win32_1.0.100.202403111256/tools/bin/../lib/gcc/arm-none-eabi/12.3.1/thumb/v7e-m+fp/hard/crtn.o
OUTPUT(flightsoftwaremx.elf elf32-littlearm)
LOAD linker stubs
LOAD C:/ST/STM32CubeIDE_1.14.1/STM32CubeIDE/plugins/com.st.stm32cube.ide.mcu.externaltools.gnu-tools-for-stm32.12.3.rel1.win32_1.0.100.202403111256/tools/bin/../lib/gcc/arm-none-eabi/12.3.1/../../../../arm-none-eabi/lib/thumb/v7e-m+fp/hard\libc.a
LOAD C:/ST/STM32CubeIDE_1.14.1/STM32CubeIDE/plugins/com.st.stm32cube.ide.mcu.externaltools.gnu-tools-for-stm32.12.3.rel1.win32_1.0.100.202403111256/tools/bin/../lib/gcc/arm-none-eabi/12.3.1/../../../../arm-none-eabi/lib/thumb/v7e-m+fp/hard\libm.a
LOAD C:/ST/STM32CubeIDE_1.14.1/STM32CubeIDE/plugins/com.st.stm32cube.ide.mcu.externaltools.gnu-tools-for-stm32.12.3.rel1.win32_1.0.100.202403111256/tools/bin/../lib/gcc/arm-none-eabi/12.3.1/thumb/v7e-m+fp/hard\libgcc.a

.debug_info     0x00000000    0x1ccd3
 .debug_info    0x00000000     0x15f9 ./Core/Src/AD7124.o
 .debug_info    0x000015f9      0xe77 ./Core/Src/adc.o
 .debug_info    0x00002470      0xb0d ./Core/Src/can.o
 .debug_info    0x00002f7d      0x514 ./Core/Src/dma.o
 .debug_info    0x00003491      0xb96 ./Core/Src/fmpi2c.o
 .debug_info    0x00004027      0x471 ./Core/Src/gpio.o
 .debug_info    0x00004498      0x9c0 ./Core/Src/i2c.o
 .debug_info    0x00004e58     0x1007 ./Core/Src/main.o
 .debug_info    0x00005e5f      0x988 ./Core/Src/quadspi.o
 .debug_info    0x000067e7      0xbe7 ./Core/Src/sai.o
 .debug_info    0x000073ce      0xa9c ./Core/Src/spi.o
 .debug_info    0x00007e6a      0x299 ./Core/Src/stm32f4xx_hal_msp.o
 .debug_info    0x00008103      0xad8 ./Core/Src/stm32f4xx_it.o
 .debug_info    0x00008bdb      0x54a ./Core/Src/system_stm32f4xx.o
 .debug_info    0x00009125      0xd45 ./Core/Src/tim.o
 .debug_info    0x00009e6a       0x30 ./Core/Startup/startup_stm32f446vetx.o
 .debug_info    0x00009e9a      0x99a ./Drivers/STM32F4xx_HAL_Driver/Src/stm32f4xx_hal.o
 .debug_info    0x0000a834      0xcd4 ./Drivers/STM32F4xx_HAL_Driver/Src/stm32f4xx_hal_adc.o
 .debug_info    0x0000b508      0xb59 ./Drivers/STM32F4xx_HAL_Driver/Src/stm32f4xx_hal_adc_ex.o
 .debug_info    0x0000c061      0xf44 ./Drivers/STM32F4xx_HAL_Driver/Src/stm32f4xx_hal_can.o
 .debug_info    0x0000cfa5      0xd75 ./Drivers/STM32F4xx_HAL_Driver/Src/stm32f4xx_hal_cortex.o
 .debug_info    0x0000dd1a      0x8e7 ./Drivers/STM32F4xx_HAL_Driver/Src/stm32f4xx_hal_dma.o
 .debug_info    0x0000e601     0x2127 ./Drivers/STM32F4xx_HAL_Driver/Src/stm32f4xx_hal_fmpi2c.o
 .debug_info    0x00010728      0x944 ./Drivers/STM32F4xx_HAL_Driver/Src/stm32f4xx_hal_fmpi2c_ex.o
 .debug_info    0x0001106c      0x70b ./Drivers/STM32F4xx_HAL_Driver/Src/stm32f4xx_hal_gpio.o
 .debug_info    0x00011777     0x2421 ./Drivers/STM32F4xx_HAL_Driver/Src/stm32f4xx_hal_i2c.o
 .debug_info    0x00013b98     0x1262 ./Drivers/STM32F4xx_HAL_Driver/Src/stm32f4xx_hal_qspi.o
 .debug_info    0x00014dfa      0x8ed ./Drivers/STM32F4xx_HAL_Driver/Src/stm32f4xx_hal_rcc.o
 .debug_info    0x000156e7      0x956 ./Drivers/STM32F4xx_HAL_Driver/Src/stm32f4xx_hal_rcc_ex.o
 .debug_info    0x0001603d     0x111b ./Drivers/STM32F4xx_HAL_Driver/Src/stm32f4xx_hal_sai.o
 .debug_info    0x00017158      0x708 ./Drivers/STM32F4xx_HAL_Driver/Src/stm32f4xx_hal_sai_ex.o
 .debug_info    0x00017860     0x15fb ./Drivers/STM32F4xx_HAL_Driver/Src/stm32f4xx_hal_spi.o
 .debug_info    0x00018e5b     0x299d ./Drivers/STM32F4xx_HAL_Driver/Src/stm32f4xx_hal_tim.o
 .debug_info    0x0001b7f8     0x14db ./Drivers/STM32F4xx_HAL_Driver/Src/stm32f4xx_hal_tim_ex.o

.debug_abbrev   0x00000000     0x46ee
 .debug_abbrev  0x00000000      0x2f1 ./Core/Src/AD7124.o
 .debug_abbrev  0x000002f1      0x259 ./Core/Src/adc.o
 .debug_abbrev  0x0000054a      0x21f ./Core/Src/can.o
 .debug_abbrev  0x00000769      0x11b ./Core/Src/dma.o
 .debug_abbrev  0x00000884      0x215 ./Core/Src/fmpi2c.o
 .debug_abbrev  0x00000a99      0x152 ./Core/Src/gpio.o
 .debug_abbrev  0x00000beb      0x1f1 ./Core/Src/i2c.o
 .debug_abbrev  0x00000ddc      0x28a ./Core/Src/main.o
 .debug_abbrev  0x00001066      0x1f1 ./Core/Src/quadspi.o
 .debug_abbrev  0x00001257      0x1ef ./Core/Src/sai.o
 .debug_abbrev  0x00001446      0x24b ./Core/Src/spi.o
 .debug_abbrev  0x00001691       0xd8 ./Core/Src/stm32f4xx_hal_msp.o
 .debug_abbrev  0x00001769      0x1dd ./Core/Src/stm32f4xx_it.o
 .debug_abbrev  0x00001946      0x11a ./Core/Src/system_stm32f4xx.o
 .debug_abbrev  0x00001a60      0x260 ./Core/Src/tim.o
 .debug_abbrev  0x00001cc0       0x24 ./Core/Startup/startup_stm32f446vetx.o
 .debug_abbrev  0x00001ce4      0x214 ./Drivers/STM32F4xx_HAL_Driver/Src/stm32f4xx_hal.o
 .debug_abbrev  0x00001ef8      0x252 ./Drivers/STM32F4xx_HAL_Driver/Src/stm32f4xx_hal_adc.o
 .debug_abbrev  0x0000214a      0x270 ./Drivers/STM32F4xx_HAL_Driver/Src/stm32f4xx_hal_adc_ex.o
 .debug_abbrev  0x000023ba      0x25a ./Drivers/STM32F4xx_HAL_Driver/Src/stm32f4xx_hal_can.o
 .debug_abbrev  0x00002614      0x328 ./Drivers/STM32F4xx_HAL_Driver/Src/stm32f4xx_hal_cortex.o
 .debug_abbrev  0x0000293c      0x264 ./Drivers/STM32F4xx_HAL_Driver/Src/stm32f4xx_hal_dma.o
 .debug_abbrev  0x00002ba0      0x261 ./Drivers/STM32F4xx_HAL_Driver/Src/stm32f4xx_hal_fmpi2c.o
 .debug_abbrev  0x00002e01      0x19d ./Drivers/STM32F4xx_HAL_Driver/Src/stm32f4xx_hal_fmpi2c_ex.o
 .debug_abbrev  0x00002f9e      0x1d4 ./Drivers/STM32F4xx_HAL_Driver/Src/stm32f4xx_hal_gpio.o
 .debug_abbrev  0x00003172      0x2ad ./Drivers/STM32F4xx_HAL_Driver/Src/stm32f4xx_hal_i2c.o
 .debug_abbrev  0x0000341f      0x276 ./Drivers/STM32F4xx_HAL_Driver/Src/stm32f4xx_hal_qspi.o
 .debug_abbrev  0x00003695      0x2b6 ./Drivers/STM32F4xx_HAL_Driver/Src/stm32f4xx_hal_rcc.o
 .debug_abbrev  0x0000394b      0x20a ./Drivers/STM32F4xx_HAL_Driver/Src/stm32f4xx_hal_rcc_ex.o
 .debug_abbrev  0x00003b55      0x29d ./Drivers/STM32F4xx_HAL_Driver/Src/stm32f4xx_hal_sai.o
 .debug_abbrev  0x00003df2      0x17d ./Drivers/STM32F4xx_HAL_Driver/Src/stm32f4xx_hal_sai_ex.o
 .debug_abbrev  0x00003f6f      0x284 ./Drivers/STM32F4xx_HAL_Driver/Src/stm32f4xx_hal_spi.o
 .debug_abbrev  0x000041f3      0x278 ./Drivers/STM32F4xx_HAL_Driver/Src/stm32f4xx_hal_tim.o
 .debug_abbrev  0x0000446b      0x283 ./Drivers/STM32F4xx_HAL_Driver/Src/stm32f4xx_hal_tim_ex.o

.debug_aranges  0x00000000     0x1a70
 .debug_aranges
                0x00000000       0xe0 ./Core/Src/AD7124.o
 .debug_aranges
                0x000000e0       0x40 ./Core/Src/adc.o
 .debug_aranges
                0x00000120       0x30 ./Core/Src/can.o
 .debug_aranges
                0x00000150       0x20 ./Core/Src/dma.o
 .debug_aranges
                0x00000170       0x30 ./Core/Src/fmpi2c.o
 .debug_aranges
                0x000001a0       0x20 ./Core/Src/gpio.o
 .debug_aranges
                0x000001c0       0x30 ./Core/Src/i2c.o
 .debug_aranges
                0x000001f0       0x30 ./Core/Src/main.o
 .debug_aranges
                0x00000220       0x30 ./Core/Src/quadspi.o
 .debug_aranges
                0x00000250       0x30 ./Core/Src/sai.o
 .debug_aranges
                0x00000280       0x40 ./Core/Src/spi.o
 .debug_aranges
                0x000002c0       0x20 ./Core/Src/stm32f4xx_hal_msp.o
 .debug_aranges
                0x000002e0       0xb0 ./Core/Src/stm32f4xx_it.o
 .debug_aranges
                0x00000390       0x28 ./Core/Src/system_stm32f4xx.o
 .debug_aranges
                0x000003b8       0x50 ./Core/Src/tim.o
 .debug_aranges
                0x00000408       0x28 ./Core/Startup/startup_stm32f446vetx.o
 .debug_aranges
                0x00000430       0xf0 ./Drivers/STM32F4xx_HAL_Driver/Src/stm32f4xx_hal.o
 .debug_aranges
                0x00000520       0xe8 ./Drivers/STM32F4xx_HAL_Driver/Src/stm32f4xx_hal_adc.o
 .debug_aranges
                0x00000608       0x90 ./Drivers/STM32F4xx_HAL_Driver/Src/stm32f4xx_hal_adc_ex.o
 .debug_aranges
                0x00000698      0x138 ./Drivers/STM32F4xx_HAL_Driver/Src/stm32f4xx_hal_can.o
 .debug_aranges
                0x000007d0      0x120 ./Drivers/STM32F4xx_HAL_Driver/Src/stm32f4xx_hal_cortex.o
 .debug_aranges
                0x000008f0       0x90 ./Drivers/STM32F4xx_HAL_Driver/Src/stm32f4xx_hal_dma.o
 .debug_aranges
                0x00000980      0x2a0 ./Drivers/STM32F4xx_HAL_Driver/Src/stm32f4xx_hal_fmpi2c.o
 .debug_aranges
                0x00000c20       0x38 ./Drivers/STM32F4xx_HAL_Driver/Src/stm32f4xx_hal_fmpi2c_ex.o
 .debug_aranges
                0x00000c58       0x58 ./Drivers/STM32F4xx_HAL_Driver/Src/stm32f4xx_hal_gpio.o
 .debug_aranges
                0x00000cb0      0x2a8 ./Drivers/STM32F4xx_HAL_Driver/Src/stm32f4xx_hal_i2c.o
 .debug_aranges
                0x00000f58      0x170 ./Drivers/STM32F4xx_HAL_Driver/Src/stm32f4xx_hal_qspi.o
 .debug_aranges
                0x000010c8       0x88 ./Drivers/STM32F4xx_HAL_Driver/Src/stm32f4xx_hal_rcc.o
 .debug_aranges
                0x00001150       0x78 ./Drivers/STM32F4xx_HAL_Driver/Src/stm32f4xx_hal_rcc_ex.o
 .debug_aranges
                0x000011c8      0x178 ./Drivers/STM32F4xx_HAL_Driver/Src/stm32f4xx_hal_sai.o
 .debug_aranges
                0x00001340       0x28 ./Drivers/STM32F4xx_HAL_Driver/Src/stm32f4xx_hal_sai_ex.o
 .debug_aranges
                0x00001368      0x1d0 ./Drivers/STM32F4xx_HAL_Driver/Src/stm32f4xx_hal_spi.o
 .debug_aranges
                0x00001538      0x3d0 ./Drivers/STM32F4xx_HAL_Driver/Src/stm32f4xx_hal_tim.o
 .debug_aranges
                0x00001908      0x168 ./Drivers/STM32F4xx_HAL_Driver/Src/stm32f4xx_hal_tim_ex.o

.debug_rnglists
                0x00000000     0x149e
 .debug_rnglists
                0x00000000       0xac ./Core/Src/AD7124.o
 .debug_rnglists
                0x000000ac       0x30 ./Core/Src/adc.o
 .debug_rnglists
                0x000000dc       0x20 ./Core/Src/can.o
 .debug_rnglists
                0x000000fc       0x14 ./Core/Src/dma.o
 .debug_rnglists
                0x00000110       0x20 ./Core/Src/fmpi2c.o
 .debug_rnglists
                0x00000130       0x14 ./Core/Src/gpio.o
 .debug_rnglists
                0x00000144       0x20 ./Core/Src/i2c.o
 .debug_rnglists
                0x00000164       0x21 ./Core/Src/main.o
 .debug_rnglists
                0x00000185       0x20 ./Core/Src/quadspi.o
 .debug_rnglists
                0x000001a5       0x20 ./Core/Src/sai.o
 .debug_rnglists
                0x000001c5       0x2d ./Core/Src/spi.o
 .debug_rnglists
                0x000001f2       0x13 ./Core/Src/stm32f4xx_hal_msp.o
 .debug_rnglists
                0x00000205       0x7f ./Core/Src/stm32f4xx_it.o
 .debug_rnglists
                0x00000284       0x1a ./Core/Src/system_stm32f4xx.o
 .debug_rnglists
                0x0000029e       0x3a ./Core/Src/tim.o
 .debug_rnglists
                0x000002d8       0x19 ./Core/Startup/startup_stm32f446vetx.o
 .debug_rnglists
                0x000002f1       0xaf ./Drivers/STM32F4xx_HAL_Driver/Src/stm32f4xx_hal.o
 .debug_rnglists
                0x000003a0       0xb5 ./Drivers/STM32F4xx_HAL_Driver/Src/stm32f4xx_hal_adc.o
 .debug_rnglists
                0x00000455       0x71 ./Drivers/STM32F4xx_HAL_Driver/Src/stm32f4xx_hal_adc_ex.o
 .debug_rnglists
                0x000004c6       0xee ./Drivers/STM32F4xx_HAL_Driver/Src/stm32f4xx_hal_can.o
 .debug_rnglists
                0x000005b4       0xd4 ./Drivers/STM32F4xx_HAL_Driver/Src/stm32f4xx_hal_cortex.o
 .debug_rnglists
                0x00000688       0x70 ./Drivers/STM32F4xx_HAL_Driver/Src/stm32f4xx_hal_dma.o
 .debug_rnglists
                0x000006f8      0x228 ./Drivers/STM32F4xx_HAL_Driver/Src/stm32f4xx_hal_fmpi2c.o
 .debug_rnglists
                0x00000920       0x27 ./Drivers/STM32F4xx_HAL_Driver/Src/stm32f4xx_hal_fmpi2c_ex.o
 .debug_rnglists
                0x00000947       0x3f ./Drivers/STM32F4xx_HAL_Driver/Src/stm32f4xx_hal_gpio.o
 .debug_rnglists
                0x00000986      0x23c ./Drivers/STM32F4xx_HAL_Driver/Src/stm32f4xx_hal_i2c.o
 .debug_rnglists
                0x00000bc2      0x11f ./Drivers/STM32F4xx_HAL_Driver/Src/stm32f4xx_hal_qspi.o
 .debug_rnglists
                0x00000ce1       0x66 ./Drivers/STM32F4xx_HAL_Driver/Src/stm32f4xx_hal_rcc.o
 .debug_rnglists
                0x00000d47       0x5e ./Drivers/STM32F4xx_HAL_Driver/Src/stm32f4xx_hal_rcc_ex.o
 .debug_rnglists
                0x00000da5      0x131 ./Drivers/STM32F4xx_HAL_Driver/Src/stm32f4xx_hal_sai.o
 .debug_rnglists
                0x00000ed6       0x1a ./Drivers/STM32F4xx_HAL_Driver/Src/stm32f4xx_hal_sai_ex.o
 .debug_rnglists
                0x00000ef0      0x16f ./Drivers/STM32F4xx_HAL_Driver/Src/stm32f4xx_hal_spi.o
 .debug_rnglists
                0x0000105f      0x31a ./Drivers/STM32F4xx_HAL_Driver/Src/stm32f4xx_hal_tim.o
 .debug_rnglists
                0x00001379      0x125 ./Drivers/STM32F4xx_HAL_Driver/Src/stm32f4xx_hal_tim_ex.o

.debug_macro    0x00000000    0x27645
 .debug_macro   0x00000000      0x264 ./Core/Src/AD7124.o
 .debug_macro   0x00000264      0xab4 ./Core/Src/AD7124.o
 .debug_macro   0x00000d18       0x2e ./Core/Src/AD7124.o
 .debug_macro   0x00000d46       0x28 ./Core/Src/AD7124.o
 .debug_macro   0x00000d6e       0x22 ./Core/Src/AD7124.o
 .debug_macro   0x00000d90       0x8e ./Core/Src/AD7124.o
 .debug_macro   0x00000e1e       0x51 ./Core/Src/AD7124.o
 .debug_macro   0x00000e6f      0x103 ./Core/Src/AD7124.o
 .debug_macro   0x00000f72       0x6a ./Core/Src/AD7124.o
 .debug_macro   0x00000fdc      0x1df ./Core/Src/AD7124.o
 .debug_macro   0x000011bb       0x1c ./Core/Src/AD7124.o
 .debug_macro   0x000011d7       0x22 ./Core/Src/AD7124.o
 .debug_macro   0x000011f9       0xfb ./Core/Src/AD7124.o
 .debug_macro   0x000012f4     0x1011 ./Core/Src/AD7124.o
 .debug_macro   0x00002305      0x11f ./Core/Src/AD7124.o
 .debug_macro   0x00002424    0x16749 ./Core/Src/AD7124.o
 .debug_macro   0x00018b6d       0x6d ./Core/Src/AD7124.o
 .debug_macro   0x00018bda      0x2bf ./Core/Src/AD7124.o
 .debug_macro   0x00018e99     0x368c ./Core/Src/AD7124.o
 .debug_macro   0x0001c525      0x189 ./Core/Src/AD7124.o
 .debug_macro   0x0001c6ae       0x5c ./Core/Src/AD7124.o
 .debug_macro   0x0001c70a      0xca5 ./Core/Src/AD7124.o
 .debug_macro   0x0001d3af      0x9e9 ./Core/Src/AD7124.o
 .debug_macro   0x0001dd98      0x115 ./Core/Src/AD7124.o
 .debug_macro   0x0001dead      0x1a0 ./Core/Src/AD7124.o
 .debug_macro   0x0001e04d       0xa5 ./Core/Src/AD7124.o
 .debug_macro   0x0001e0f2      0x16d ./Core/Src/AD7124.o
 .debug_macro   0x0001e25f      0x287 ./Core/Src/AD7124.o
 .debug_macro   0x0001e4e6       0x5f ./Core/Src/AD7124.o
 .debug_macro   0x0001e545      0x236 ./Core/Src/AD7124.o
 .debug_macro   0x0001e77b      0xb5b ./Core/Src/AD7124.o
 .debug_macro   0x0001f2d6      0x38b ./Core/Src/AD7124.o
 .debug_macro   0x0001f661      0x17d ./Core/Src/AD7124.o
 .debug_macro   0x0001f7de       0xf9 ./Core/Src/AD7124.o
 .debug_macro   0x0001f8d7      0x40f ./Core/Src/AD7124.o
 .debug_macro   0x0001fce6      0x132 ./Core/Src/AD7124.o
 .debug_macro   0x0001fe18      0x29c ./Core/Src/AD7124.o
 .debug_macro   0x000200b4       0x2e ./Core/Src/AD7124.o
 .debug_macro   0x000200e2      0x1b5 ./Core/Src/AD7124.o
 .debug_macro   0x00020297       0x22 ./Core/Src/AD7124.o
 .debug_macro   0x000202b9       0xd6 ./Core/Src/AD7124.o
 .debug_macro   0x0002038f      0x127 ./Core/Src/AD7124.o
 .debug_macro   0x000204b6       0xe8 ./Core/Src/AD7124.o
 .debug_macro   0x0002059e       0x89 ./Core/Src/AD7124.o
 .debug_macro   0x00020627      0x383 ./Core/Src/AD7124.o
 .debug_macro   0x000209aa       0x28 ./Core/Src/AD7124.o
 .debug_macro   0x000209d2       0xc8 ./Core/Src/AD7124.o
 .debug_macro   0x00020a9a      0x225 ./Core/Src/AD7124.o
 .debug_macro   0x00020cbf      0x8ed ./Core/Src/AD7124.o
 .debug_macro   0x000215ac       0x53 ./Core/Src/AD7124.o
 .debug_macro   0x000215ff      0x2d4 ./Core/Src/AD7124.o
 .debug_macro   0x000218d3      0x22c ./Core/Src/AD7124.o
 .debug_macro   0x00021aff       0x34 ./Core/Src/AD7124.o
 .debug_macro   0x00021b33       0xa5 ./Core/Src/AD7124.o
 .debug_macro   0x00021bd8      0x126 ./Core/Src/AD7124.o
 .debug_macro   0x00021cfe      0x4d4 ./Core/Src/AD7124.o
 .debug_macro   0x000221d2      0x26e ./Core/Src/adc.o
 .debug_macro   0x00022440      0x15a ./Core/Src/adc.o
 .debug_macro   0x0002259a      0x26e ./Core/Src/can.o
 .debug_macro   0x00022808      0x26e ./Core/Src/dma.o
 .debug_macro   0x00022a76      0x26e ./Core/Src/fmpi2c.o
 .debug_macro   0x00022ce4      0x26e ./Core/Src/gpio.o
 .debug_macro   0x00022f52      0x26e ./Core/Src/i2c.o
 .debug_macro   0x000231c0      0x2d5 ./Core/Src/main.o
 .debug_macro   0x00023495      0x4da ./Core/Src/main.o
 .debug_macro   0x0002396f      0x26e ./Core/Src/quadspi.o
 .debug_macro   0x00023bdd      0x26e ./Core/Src/sai.o
 .debug_macro   0x00023e4b      0x26e ./Core/Src/spi.o
 .debug_macro   0x000240b9      0x264 ./Core/Src/stm32f4xx_hal_msp.o
 .debug_macro   0x0002431d      0x26e ./Core/Src/stm32f4xx_it.o
 .debug_macro   0x0002458b      0x255 ./Core/Src/system_stm32f4xx.o
 .debug_macro   0x000247e0      0x26e ./Core/Src/tim.o
 .debug_macro   0x00024a4e      0x2b5 ./Drivers/STM32F4xx_HAL_Driver/Src/stm32f4xx_hal.o
 .debug_macro   0x00024d03      0x256 ./Drivers/STM32F4xx_HAL_Driver/Src/stm32f4xx_hal_adc.o
 .debug_macro   0x00024f59      0x255 ./Drivers/STM32F4xx_HAL_Driver/Src/stm32f4xx_hal_adc_ex.o
 .debug_macro   0x000251ae      0x264 ./Drivers/STM32F4xx_HAL_Driver/Src/stm32f4xx_hal_can.o
 .debug_macro   0x00025412      0x255 ./Drivers/STM32F4xx_HAL_Driver/Src/stm32f4xx_hal_cortex.o
 .debug_macro   0x00025667      0x25b ./Drivers/STM32F4xx_HAL_Driver/Src/stm32f4xx_hal_dma.o
 .debug_macro   0x000258c2      0x321 ./Drivers/STM32F4xx_HAL_Driver/Src/stm32f4xx_hal_fmpi2c.o
 .debug_macro   0x00025be3      0x255 ./Drivers/STM32F4xx_HAL_Driver/Src/stm32f4xx_hal_fmpi2c_ex.o
 .debug_macro   0x00025e38      0x25b ./Drivers/STM32F4xx_HAL_Driver/Src/stm32f4xx_hal_gpio.o
 .debug_macro   0x00026093      0x2a3 ./Drivers/STM32F4xx_HAL_Driver/Src/stm32f4xx_hal_i2c.o
 .debug_macro   0x00026336      0x279 ./Drivers/STM32F4xx_HAL_Driver/Src/stm32f4xx_hal_qspi.o
 .debug_macro   0x000265af      0x279 ./Drivers/STM32F4xx_HAL_Driver/Src/stm32f4xx_hal_rcc.o
 .debug_macro   0x00026828      0x255 ./Drivers/STM32F4xx_HAL_Driver/Src/stm32f4xx_hal_rcc_ex.o
 .debug_macro   0x00026a7d      0x264 ./Drivers/STM32F4xx_HAL_Driver/Src/stm32f4xx_hal_sai.o
 .debug_macro   0x00026ce1      0x255 ./Drivers/STM32F4xx_HAL_Driver/Src/stm32f4xx_hal_sai_ex.o
 .debug_macro   0x00026f36      0x264 ./Drivers/STM32F4xx_HAL_Driver/Src/stm32f4xx_hal_spi.o
 .debug_macro   0x0002719a      0x256 ./Drivers/STM32F4xx_HAL_Driver/Src/stm32f4xx_hal_tim.o
 .debug_macro   0x000273f0      0x255 ./Drivers/STM32F4xx_HAL_Driver/Src/stm32f4xx_hal_tim_ex.o

.debug_line     0x00000000    0x254bf
 .debug_line    0x00000000     0x1095 ./Core/Src/AD7124.o
 .debug_line    0x00001095      0xb15 ./Core/Src/adc.o
 .debug_line    0x00001baa      0x8dd ./Core/Src/can.o
 .debug_line    0x00002487      0x867 ./Core/Src/dma.o
 .debug_line    0x00002cee      0x8e9 ./Core/Src/fmpi2c.o
 .debug_line    0x000035d7      0x8a6 ./Core/Src/gpio.o
 .debug_line    0x00003e7d      0x8d7 ./Core/Src/i2c.o
 .debug_line    0x00004754      0xb37 ./Core/Src/main.o
 .debug_line    0x0000528b      0x8f5 ./Core/Src/quadspi.o
 .debug_line    0x00005b80      0x8ec ./Core/Src/sai.o
 .debug_line    0x0000646c      0xa69 ./Core/Src/spi.o
 .debug_line    0x00006ed5      0x85c ./Core/Src/stm32f4xx_hal_msp.o
 .debug_line    0x00007731      0xa11 ./Core/Src/stm32f4xx_it.o
 .debug_line    0x00008142      0x8e1 ./Core/Src/system_stm32f4xx.o
 .debug_line    0x00008a23      0xa10 ./Core/Src/tim.o
 .debug_line    0x00009433       0x7a ./Core/Startup/startup_stm32f446vetx.o
 .debug_line    0x000094ad      0xb4a ./Drivers/STM32F4xx_HAL_Driver/Src/stm32f4xx_hal.o
 .debug_line    0x00009ff7     0x13de ./Drivers/STM32F4xx_HAL_Driver/Src/stm32f4xx_hal_adc.o
 .debug_line    0x0000b3d5     0x1046 ./Drivers/STM32F4xx_HAL_Driver/Src/stm32f4xx_hal_adc_ex.o
 .debug_line    0x0000c41b     0x12f9 ./Drivers/STM32F4xx_HAL_Driver/Src/stm32f4xx_hal_can.o
 .debug_line    0x0000d714      0xe12 ./Drivers/STM32F4xx_HAL_Driver/Src/stm32f4xx_hal_cortex.o
 .debug_line    0x0000e526     0x10ba ./Drivers/STM32F4xx_HAL_Driver/Src/stm32f4xx_hal_dma.o
 .debug_line    0x0000f5e0     0x3b98 ./Drivers/STM32F4xx_HAL_Driver/Src/stm32f4xx_hal_fmpi2c.o
 .debug_line    0x00013178      0x999 ./Drivers/STM32F4xx_HAL_Driver/Src/stm32f4xx_hal_fmpi2c_ex.o
 .debug_line    0x00013b11      0xcc2 ./Drivers/STM32F4xx_HAL_Driver/Src/stm32f4xx_hal_gpio.o
 .debug_line    0x000147d3     0x3c90 ./Drivers/STM32F4xx_HAL_Driver/Src/stm32f4xx_hal_i2c.o
 .debug_line    0x00018463     0x160d ./Drivers/STM32F4xx_HAL_Driver/Src/stm32f4xx_hal_qspi.o
 .debug_line    0x00019a70      0xec7 ./Drivers/STM32F4xx_HAL_Driver/Src/stm32f4xx_hal_rcc.o
 .debug_line    0x0001a937     0x1565 ./Drivers/STM32F4xx_HAL_Driver/Src/stm32f4xx_hal_rcc_ex.o
 .debug_line    0x0001be9c     0x1ac4 ./Drivers/STM32F4xx_HAL_Driver/Src/stm32f4xx_hal_sai.o
 .debug_line    0x0001d960      0x8ec ./Drivers/STM32F4xx_HAL_Driver/Src/stm32f4xx_hal_sai_ex.o
 .debug_line    0x0001e24c     0x1e45 ./Drivers/STM32F4xx_HAL_Driver/Src/stm32f4xx_hal_spi.o
 .debug_line    0x00020091     0x38ee ./Drivers/STM32F4xx_HAL_Driver/Src/stm32f4xx_hal_tim.o
 .debug_line    0x0002397f     0x1b40 ./Drivers/STM32F4xx_HAL_Driver/Src/stm32f4xx_hal_tim_ex.o

.debug_str      0x00000000    0xe8f55
 .debug_str     0x00000000    0xe1228 ./Core/Src/AD7124.o
                              0xe15f0 (size before relaxing)
 .debug_str     0x000e1228      0xe9c ./Core/Src/adc.o
                              0xdfda2 (size before relaxing)
 .debug_str     0x000e20c4      0x276 ./Core/Src/can.o
                              0xdfb3d (size before relaxing)
 .debug_str     0x000e233a       0x29 ./Core/Src/dma.o
                              0xdf7ad (size before relaxing)
 .debug_str     0x000e2363      0x495 ./Core/Src/fmpi2c.o
                              0xdfa8e (size before relaxing)
 .debug_str     0x000e27f8       0x2c ./Core/Src/gpio.o
                              0xdf31a (size before relaxing)
 .debug_str     0x000e2824      0x1f1 ./Core/Src/i2c.o
                              0xdf84e (size before relaxing)
 .debug_str     0x000e2a15      0x224 ./Core/Src/main.o
                              0xe1843 (size before relaxing)
 .debug_str     0x000e2c39      0x1e1 ./Core/Src/quadspi.o
                              0xdf7d2 (size before relaxing)
 .debug_str     0x000e2e1a      0x295 ./Core/Src/sai.o
                              0xdfa51 (size before relaxing)
 .debug_str     0x000e30af       0x81 ./Core/Src/spi.o
                              0xdf81c (size before relaxing)
 .debug_str     0x000e3130       0x2c ./Core/Src/stm32f4xx_hal_msp.o
                              0xdf24f (size before relaxing)
 .debug_str     0x000e315c      0x1f1 ./Core/Src/stm32f4xx_it.o
                              0xdf971 (size before relaxing)
 .debug_str     0x000e334d       0xdb ./Core/Src/system_stm32f4xx.o
                              0xdeda1 (size before relaxing)
 .debug_str     0x000e3428      0x4a5 ./Core/Src/tim.o
                              0xdfae5 (size before relaxing)
 .debug_str     0x000e38cd       0x44 ./Core/Startup/startup_stm32f446vetx.o
                                 0x88 (size before relaxing)
 .debug_str     0x000e3911      0x603 ./Drivers/STM32F4xx_HAL_Driver/Src/stm32f4xx_hal.o
                              0xdf966 (size before relaxing)
 .debug_str     0x000e3f14      0x2bd ./Drivers/STM32F4xx_HAL_Driver/Src/stm32f4xx_hal_adc.o
                              0xdf369 (size before relaxing)
 .debug_str     0x000e41d1      0x280 ./Drivers/STM32F4xx_HAL_Driver/Src/stm32f4xx_hal_adc_ex.o
                              0xdf3bd (size before relaxing)
 .debug_str     0x000e4451      0x57c ./Drivers/STM32F4xx_HAL_Driver/Src/stm32f4xx_hal_can.o
                              0xdf476 (size before relaxing)
 .debug_str     0x000e49cd      0x329 ./Drivers/STM32F4xx_HAL_Driver/Src/stm32f4xx_hal_cortex.o
                              0xdf68b (size before relaxing)
 .debug_str     0x000e4cf6      0x2c2 ./Drivers/STM32F4xx_HAL_Driver/Src/stm32f4xx_hal_dma.o
                              0xdf196 (size before relaxing)
 .debug_str     0x000e4fb8      0xf1b ./Drivers/STM32F4xx_HAL_Driver/Src/stm32f4xx_hal_fmpi2c.o
                              0xe022e (size before relaxing)
 .debug_str     0x000e5ed3       0xb5 ./Drivers/STM32F4xx_HAL_Driver/Src/stm32f4xx_hal_fmpi2c_ex.o
                              0xdf347 (size before relaxing)
 .debug_str     0x000e5f88       0xf8 ./Drivers/STM32F4xx_HAL_Driver/Src/stm32f4xx_hal_gpio.o
                              0xdef1c (size before relaxing)
 .debug_str     0x000e6080      0x97c ./Drivers/STM32F4xx_HAL_Driver/Src/stm32f4xx_hal_i2c.o
                              0xdfd9f (size before relaxing)
 .debug_str     0x000e69fc      0x6e6 ./Drivers/STM32F4xx_HAL_Driver/Src/stm32f4xx_hal_qspi.o
                              0xdf7fd (size before relaxing)
 .debug_str     0x000e70e2      0x213 ./Drivers/STM32F4xx_HAL_Driver/Src/stm32f4xx_hal_rcc.o
                              0xdf1da (size before relaxing)
 .debug_str     0x000e72f5      0x19d ./Drivers/STM32F4xx_HAL_Driver/Src/stm32f4xx_hal_rcc_ex.o
                              0xdf20d (size before relaxing)
 .debug_str     0x000e7492      0x3fd ./Drivers/STM32F4xx_HAL_Driver/Src/stm32f4xx_hal_sai.o
                              0xdf5c8 (size before relaxing)
 .debug_str     0x000e788f       0x47 ./Drivers/STM32F4xx_HAL_Driver/Src/stm32f4xx_hal_sai_ex.o
                              0xdf15b (size before relaxing)
 .debug_str     0x000e78d6      0x4e4 ./Drivers/STM32F4xx_HAL_Driver/Src/stm32f4xx_hal_spi.o
                              0xdf640 (size before relaxing)
 .debug_str     0x000e7dba      0xd08 ./Drivers/STM32F4xx_HAL_Driver/Src/stm32f4xx_hal_tim.o
                              0xe0106 (size before relaxing)
 .debug_str     0x000e8ac2      0x493 ./Drivers/STM32F4xx_HAL_Driver/Src/stm32f4xx_hal_tim_ex.o
                              0xdf912 (size before relaxing)

.comment        0x00000000       0x43
 .comment       0x00000000       0x43 ./Core/Src/AD7124.o
                                 0x44 (size before relaxing)
 .comment       0x00000043       0x44 ./Core/Src/adc.o
 .comment       0x00000043       0x44 ./Core/Src/can.o
 .comment       0x00000043       0x44 ./Core/Src/dma.o
 .comment       0x00000043       0x44 ./Core/Src/fmpi2c.o
 .comment       0x00000043       0x44 ./Core/Src/gpio.o
 .comment       0x00000043       0x44 ./Core/Src/i2c.o
 .comment       0x00000043       0x44 ./Core/Src/main.o
 .comment       0x00000043       0x44 ./Core/Src/quadspi.o
 .comment       0x00000043       0x44 ./Core/Src/sai.o
 .comment       0x00000043       0x44 ./Core/Src/spi.o
 .comment       0x00000043       0x44 ./Core/Src/stm32f4xx_hal_msp.o
 .comment       0x00000043       0x44 ./Core/Src/stm32f4xx_it.o
 .comment       0x00000043       0x44 ./Core/Src/system_stm32f4xx.o
 .comment       0x00000043       0x44 ./Core/Src/tim.o
 .comment       0x00000043       0x44 ./Drivers/STM32F4xx_HAL_Driver/Src/stm32f4xx_hal.o
 .comment       0x00000043       0x44 ./Drivers/STM32F4xx_HAL_Driver/Src/stm32f4xx_hal_adc.o
 .comment       0x00000043       0x44 ./Drivers/STM32F4xx_HAL_Driver/Src/stm32f4xx_hal_adc_ex.o
 .comment       0x00000043       0x44 ./Drivers/STM32F4xx_HAL_Driver/Src/stm32f4xx_hal_can.o
 .comment       0x00000043       0x44 ./Drivers/STM32F4xx_HAL_Driver/Src/stm32f4xx_hal_cortex.o
 .comment       0x00000043       0x44 ./Drivers/STM32F4xx_HAL_Driver/Src/stm32f4xx_hal_dma.o
 .comment       0x00000043       0x44 ./Drivers/STM32F4xx_HAL_Driver/Src/stm32f4xx_hal_fmpi2c.o
 .comment       0x00000043       0x44 ./Drivers/STM32F4xx_HAL_Driver/Src/stm32f4xx_hal_fmpi2c_ex.o
 .comment       0x00000043       0x44 ./Drivers/STM32F4xx_HAL_Driver/Src/stm32f4xx_hal_gpio.o
 .comment       0x00000043       0x44 ./Drivers/STM32F4xx_HAL_Driver/Src/stm32f4xx_hal_i2c.o
 .comment       0x00000043       0x44 ./Drivers/STM32F4xx_HAL_Driver/Src/stm32f4xx_hal_qspi.o
 .comment       0x00000043       0x44 ./Drivers/STM32F4xx_HAL_Driver/Src/stm32f4xx_hal_rcc.o
 .comment       0x00000043       0x44 ./Drivers/STM32F4xx_HAL_Driver/Src/stm32f4xx_hal_rcc_ex.o
 .comment       0x00000043       0x44 ./Drivers/STM32F4xx_HAL_Driver/Src/stm32f4xx_hal_sai.o
 .comment       0x00000043       0x44 ./Drivers/STM32F4xx_HAL_Driver/Src/stm32f4xx_hal_sai_ex.o
 .comment       0x00000043       0x44 ./Drivers/STM32F4xx_HAL_Driver/Src/stm32f4xx_hal_spi.o
 .comment       0x00000043       0x44 ./Drivers/STM32F4xx_HAL_Driver/Src/stm32f4xx_hal_tim.o
 .comment       0x00000043       0x44 ./Drivers/STM32F4xx_HAL_Driver/Src/stm32f4xx_hal_tim_ex.o

.debug_frame    0x00000000     0x6fac
 .debug_frame   0x00000000      0x3c8 ./Core/Src/AD7124.o
 .debug_frame   0x000003c8       0xc8 ./Core/Src/adc.o
 .debug_frame   0x00000490       0x74 ./Core/Src/can.o
 .debug_frame   0x00000504       0x34 ./Core/Src/dma.o
 .debug_frame   0x00000538       0x78 ./Core/Src/fmpi2c.o
 .debug_frame   0x000005b0       0x34 ./Core/Src/gpio.o
 .debug_frame   0x000005e4       0x74 ./Core/Src/i2c.o
 .debug_frame   0x00000658       0x74 ./Core/Src/main.o
 .debug_frame   0x000006cc       0x74 ./Core/Src/quadspi.o
 .debug_frame   0x00000740       0x78 ./Core/Src/sai.o
 .debug_frame   0x000007b8       0xb0 ./Core/Src/spi.o
 .debug_frame   0x00000868       0x38 ./Core/Src/stm32f4xx_hal_msp.o
 .debug_frame   0x000008a0      0x21c ./Core/Src/stm32f4xx_it.o
 .debug_frame   0x00000abc       0x58 ./Core/Src/system_stm32f4xx.o
 .debug_frame   0x00000b14      0x114 ./Core/Src/tim.o
 .debug_frame   0x00000c28      0x374 ./Drivers/STM32F4xx_HAL_Driver/Src/stm32f4xx_hal.o
 .debug_frame   0x00000f9c      0x3fc ./Drivers/STM32F4xx_HAL_Driver/Src/stm32f4xx_hal_adc.o
 .debug_frame   0x00001398      0x250 ./Drivers/STM32F4xx_HAL_Driver/Src/stm32f4xx_hal_adc_ex.o
 .debug_frame   0x000015e8      0x5a0 ./Drivers/STM32F4xx_HAL_Driver/Src/stm32f4xx_hal_can.o
 .debug_frame   0x00001b88      0x4b8 ./Drivers/STM32F4xx_HAL_Driver/Src/stm32f4xx_hal_cortex.o
 .debug_frame   0x00002040      0x250 ./Drivers/STM32F4xx_HAL_Driver/Src/stm32f4xx_hal_dma.o
 .debug_frame   0x00002290      0xc38 ./Drivers/STM32F4xx_HAL_Driver/Src/stm32f4xx_hal_fmpi2c.o
 .debug_frame   0x00002ec8       0xb0 ./Drivers/STM32F4xx_HAL_Driver/Src/stm32f4xx_hal_fmpi2c_ex.o
 .debug_frame   0x00002f78      0x14c ./Drivers/STM32F4xx_HAL_Driver/Src/stm32f4xx_hal_gpio.o
 .debug_frame   0x000030c4      0xc84 ./Drivers/STM32F4xx_HAL_Driver/Src/stm32f4xx_hal_i2c.o
 .debug_frame   0x00003d48      0x6a0 ./Drivers/STM32F4xx_HAL_Driver/Src/stm32f4xx_hal_qspi.o
 .debug_frame   0x000043e8      0x1f4 ./Drivers/STM32F4xx_HAL_Driver/Src/stm32f4xx_hal_rcc.o
 .debug_frame   0x000045dc      0x1e8 ./Drivers/STM32F4xx_HAL_Driver/Src/stm32f4xx_hal_rcc_ex.o
 .debug_frame   0x000047c4      0x698 ./Drivers/STM32F4xx_HAL_Driver/Src/stm32f4xx_hal_sai.o
 .debug_frame   0x00004e5c       0x5c ./Drivers/STM32F4xx_HAL_Driver/Src/stm32f4xx_hal_sai_ex.o
 .debug_frame   0x00004eb8      0x828 ./Drivers/STM32F4xx_HAL_Driver/Src/stm32f4xx_hal_spi.o
 .debug_frame   0x000056e0     0x11c0 ./Drivers/STM32F4xx_HAL_Driver/Src/stm32f4xx_hal_tim.o
 .debug_frame   0x000068a0      0x638 ./Drivers/STM32F4xx_HAL_Driver/Src/stm32f4xx_hal_tim_ex.o
 .debug_frame   0x00006ed8       0x20 C:/ST/STM32CubeIDE_1.14.1/STM32CubeIDE/plugins/com.st.stm32cube.ide.mcu.externaltools.gnu-tools-for-stm32.12.3.rel1.win32_1.0.100.202403111256/tools/bin/../lib/gcc/arm-none-eabi/12.3.1/../../../../arm-none-eabi/lib/thumb/v7e-m+fp/hard\libc_nano.a(libc_a-memset.o)
 .debug_frame   0x00006ef8       0x2c C:/ST/STM32CubeIDE_1.14.1/STM32CubeIDE/plugins/com.st.stm32cube.ide.mcu.externaltools.gnu-tools-for-stm32.12.3.rel1.win32_1.0.100.202403111256/tools/bin/../lib/gcc/arm-none-eabi/12.3.1/../../../../arm-none-eabi/lib/thumb/v7e-m+fp/hard\libc_nano.a(libc_a-init.o)
 .debug_frame   0x00006f24       0x28 C:/ST/STM32CubeIDE_1.14.1/STM32CubeIDE/plugins/com.st.stm32cube.ide.mcu.externaltools.gnu-tools-for-stm32.12.3.rel1.win32_1.0.100.202403111256/tools/bin/../lib/gcc/arm-none-eabi/12.3.1/../../../../arm-none-eabi/lib/thumb/v7e-m+fp/hard\libc_nano.a(libc_a-memcpy-stub.o)
 .debug_frame   0x00006f4c       0x2c C:/ST/STM32CubeIDE_1.14.1/STM32CubeIDE/plugins/com.st.stm32cube.ide.mcu.externaltools.gnu-tools-for-stm32.12.3.rel1.win32_1.0.100.202403111256/tools/bin/../lib/gcc/arm-none-eabi/12.3.1/thumb/v7e-m+fp/hard\libgcc.a(_aeabi_uldivmod.o)
 .debug_frame   0x00006f78       0x34 C:/ST/STM32CubeIDE_1.14.1/STM32CubeIDE/plugins/com.st.stm32cube.ide.mcu.externaltools.gnu-tools-for-stm32.12.3.rel1.win32_1.0.100.202403111256/tools/bin/../lib/gcc/arm-none-eabi/12.3.1/thumb/v7e-m+fp/hard\libgcc.a(_udivmoddi4.o)

.debug_line_str
                0x00000000       0x6c
 .debug_line_str
                0x00000000       0x6c ./Core/Startup/startup_stm32f446vetx.o
