../Core/Src/AD7124.c:4:8:ad7124_noCheckReadRegister	56	static
../Core/Src/AD7124.c:61:8:ad7124_noCheckWriteRegister	40	static
../Core/Src/AD7124.c:96:8:ad7124_readRegister	24	static
../Core/Src/AD7124.c:109:8:ad7124_writeRegister	32	static
../Core/Src/AD7124.c:122:8:ad7124_reset	32	static
../Core/Src/AD7124.c:145:8:ad7124_waitForSpiReady	32	static
../Core/Src/AD7124.c:168:8:ad7124_waitToPowerOn	32	static
../Core/Src/AD7124.c:192:8:ad7124_WaitForConvReady	32	static
../Core/Src/AD7124.c:214:8:ad7124_readData	24	static
../Core/Src/AD7124.c:229:8:ad7124_computeCrc8	24	static
../Core/Src/AD7124.c:253:6:ad7124_updateCrcSetting	24	static
../Core/Src/AD7124.c:269:6:ad7124_updateDevSpiSettings	24	static
../Core/Src/AD7124.c:285:8:ad7124_setAdcControl	32	static
../Core/Src/AD7124.c:299:8:ad7124_setConfig	32	static
../Core/Src/AD7124.c:319:8:ad7124_setChannel	32	static
../Core/Src/AD7124.c:337:8:ad7124_getRegister	24	static
../Core/Src/AD7124.c:350:9:ad7124_currentChannel	24	static
../Core/Src/AD7124.c:359:9:ad7124_enableChannel	40	static
../Core/Src/AD7124.c:383:9:ad7124_getData	24	static
../Core/Src/AD7124.c:394:8:ad7124_startSingleConversion	24	static
../Core/Src/AD7124.c:407:9:ad7124_adcRead	24	static
../Core/Src/AD7124.c:432:8:ad7124_waitEndOfConversion	24	static
../Core/Src/AD7124.c:456:7:ad7124_toVoltage	32	static
../Core/Src/AD7124.c:469:8:ad7124_setMode	32	static
../Core/Src/AD7124.c:478:8:ad7124_init	960	static
