../Core/Src/AD7124.c:4:8:ad7124_noCheckReadRegister	56	static
../Core/Src/AD7124.c:59:8:ad7124_noCheckWriteRegister	40	static
../Core/Src/AD7124.c:92:8:ad7124_readRegister	24	static
../Core/Src/AD7124.c:107:8:ad7124_writeRegister	32	static
../Core/Src/AD7124.c:124:8:ad7124_reset	32	static
../Core/Src/AD7124.c:148:8:ad7124_waitForSpiReady	32	static
../Core/Src/AD7124.c:173:8:ad7124_waitToPowerOn	32	static
../Core/Src/AD7124.c:198:8:ad7124_WaitForConvReady	32	static
../Core/Src/AD7124.c:222:8:ad7124_readData	24	static
../Core/Src/AD7124.c:238:8:ad7124_computeCrc8	24	static
../Core/Src/AD7124.c:268:6:ad7124_updateCrcSetting	24	static
../Core/Src/AD7124.c:285:6:ad7124_updateDevSpiSettings	24	static
../Core/Src/AD7124.c:302:8:ad7124_setAdcControl	32	static
../Core/Src/AD7124.c:315:8:ad7124_setConfig	32	static
../Core/Src/AD7124.c:335:8:ad7124_setChannel	32	static
../Core/Src/AD7124.c:354:8:ad7124_getRegister	24	static
../Core/Src/AD7124.c:369:9:ad7124_currentChannel	24	static
../Core/Src/AD7124.c:380:9:ad7124_enableChannel	40	static
../Core/Src/AD7124.c:410:9:ad7124_getData	24	static
../Core/Src/AD7124.c:423:8:ad7124_startSingleConversion	24	static
../Core/Src/AD7124.c:439:9:ad7124_adcRead	24	static
../Core/Src/AD7124.c:467:8:ad7124_waitEndOfConversion	24	static
../Core/Src/AD7124.c:494:7:ad7124_toVoltage	32	static
../Core/Src/AD7124.c:511:8:ad7124_setMode	32	static
../Core/Src/AD7124.c:521:8:ad7124_init	40	static
